Archive member included to satisfy reference by file (symbol)

c:/program files (x86)/atmel/studio/7.0/toolchain/arm/arm-gnu-toolchain/bin/../lib/gcc/arm-none-eabi/6.3.1/../../../../arm-none-eabi/lib/thumb/v7-m\libc.a(lib_a-exit.o)
                              c:/program files (x86)/atmel/studio/7.0/toolchain/arm/arm-gnu-toolchain/bin/../lib/gcc/arm-none-eabi/6.3.1/../../../../arm-none-eabi/lib/thumb/v7-m/crt0.o (exit)
c:/program files (x86)/atmel/studio/7.0/toolchain/arm/arm-gnu-toolchain/bin/../lib/gcc/arm-none-eabi/6.3.1/../../../../arm-none-eabi/lib/thumb/v7-m\libc.a(lib_a-impure.o)
                              c:/program files (x86)/atmel/studio/7.0/toolchain/arm/arm-gnu-toolchain/bin/../lib/gcc/arm-none-eabi/6.3.1/../../../../arm-none-eabi/lib/thumb/v7-m\libc.a(lib_a-exit.o) (_global_impure_ptr)
c:/program files (x86)/atmel/studio/7.0/toolchain/arm/arm-gnu-toolchain/bin/../lib/gcc/arm-none-eabi/6.3.1/../../../../arm-none-eabi/lib/thumb/v7-m\libc.a(lib_a-init.o)
                              c:/program files (x86)/atmel/studio/7.0/toolchain/arm/arm-gnu-toolchain/bin/../lib/gcc/arm-none-eabi/6.3.1/../../../../arm-none-eabi/lib/thumb/v7-m/crt0.o (__libc_init_array)
c:/program files (x86)/atmel/studio/7.0/toolchain/arm/arm-gnu-toolchain/bin/../lib/gcc/arm-none-eabi/6.3.1/../../../../arm-none-eabi/lib/thumb/v7-m\libc.a(lib_a-iprintf.o)
                              src/main.o (iprintf)
c:/program files (x86)/atmel/studio/7.0/toolchain/arm/arm-gnu-toolchain/bin/../lib/gcc/arm-none-eabi/6.3.1/../../../../arm-none-eabi/lib/thumb/v7-m\libc.a(lib_a-memset.o)
                              c:/program files (x86)/atmel/studio/7.0/toolchain/arm/arm-gnu-toolchain/bin/../lib/gcc/arm-none-eabi/6.3.1/../../../../arm-none-eabi/lib/thumb/v7-m/crt0.o (memset)
c:/program files (x86)/atmel/studio/7.0/toolchain/arm/arm-gnu-toolchain/bin/../lib/gcc/arm-none-eabi/6.3.1/../../../../arm-none-eabi/lib/thumb/v7-m\libc.a(lib_a-setbuf.o)
                              src/ASF/thirdparty/wireless/addons/sio2host/uart/sio2host.o (setbuf)
c:/program files (x86)/atmel/studio/7.0/toolchain/arm/arm-gnu-toolchain/bin/../lib/gcc/arm-none-eabi/6.3.1/../../../../arm-none-eabi/lib/thumb/v7-m\libc.a(lib_a-setvbuf.o)
                              c:/program files (x86)/atmel/studio/7.0/toolchain/arm/arm-gnu-toolchain/bin/../lib/gcc/arm-none-eabi/6.3.1/../../../../arm-none-eabi/lib/thumb/v7-m\libc.a(lib_a-setbuf.o) (setvbuf)
c:/program files (x86)/atmel/studio/7.0/toolchain/arm/arm-gnu-toolchain/bin/../lib/gcc/arm-none-eabi/6.3.1/../../../../arm-none-eabi/lib/thumb/v7-m\libc.a(lib_a-vfiprintf.o)
                              c:/program files (x86)/atmel/studio/7.0/toolchain/arm/arm-gnu-toolchain/bin/../lib/gcc/arm-none-eabi/6.3.1/../../../../arm-none-eabi/lib/thumb/v7-m\libc.a(lib_a-iprintf.o) (_vfiprintf_r)
c:/program files (x86)/atmel/studio/7.0/toolchain/arm/arm-gnu-toolchain/bin/../lib/gcc/arm-none-eabi/6.3.1/../../../../arm-none-eabi/lib/thumb/v7-m\libc.a(lib_a-wsetup.o)
                              c:/program files (x86)/atmel/studio/7.0/toolchain/arm/arm-gnu-toolchain/bin/../lib/gcc/arm-none-eabi/6.3.1/../../../../arm-none-eabi/lib/thumb/v7-m\libc.a(lib_a-vfiprintf.o) (__swsetup_r)
c:/program files (x86)/atmel/studio/7.0/toolchain/arm/arm-gnu-toolchain/bin/../lib/gcc/arm-none-eabi/6.3.1/../../../../arm-none-eabi/lib/thumb/v7-m\libc.a(lib_a-__call_atexit.o)
                              c:/program files (x86)/atmel/studio/7.0/toolchain/arm/arm-gnu-toolchain/bin/../lib/gcc/arm-none-eabi/6.3.1/../../../../arm-none-eabi/lib/thumb/v7-m\libc.a(lib_a-exit.o) (__call_exitprocs)
c:/program files (x86)/atmel/studio/7.0/toolchain/arm/arm-gnu-toolchain/bin/../lib/gcc/arm-none-eabi/6.3.1/../../../../arm-none-eabi/lib/thumb/v7-m\libc.a(lib_a-atexit.o)
                              c:/program files (x86)/atmel/studio/7.0/toolchain/arm/arm-gnu-toolchain/bin/../lib/gcc/arm-none-eabi/6.3.1/../../../../arm-none-eabi/lib/thumb/v7-m\libc.a(lib_a-__call_atexit.o) (atexit)
c:/program files (x86)/atmel/studio/7.0/toolchain/arm/arm-gnu-toolchain/bin/../lib/gcc/arm-none-eabi/6.3.1/../../../../arm-none-eabi/lib/thumb/v7-m\libc.a(lib_a-fflush.o)
                              c:/program files (x86)/atmel/studio/7.0/toolchain/arm/arm-gnu-toolchain/bin/../lib/gcc/arm-none-eabi/6.3.1/../../../../arm-none-eabi/lib/thumb/v7-m\libc.a(lib_a-setvbuf.o) (_fflush_r)
c:/program files (x86)/atmel/studio/7.0/toolchain/arm/arm-gnu-toolchain/bin/../lib/gcc/arm-none-eabi/6.3.1/../../../../arm-none-eabi/lib/thumb/v7-m\libc.a(lib_a-findfp.o)
                              c:/program files (x86)/atmel/studio/7.0/toolchain/arm/arm-gnu-toolchain/bin/../lib/gcc/arm-none-eabi/6.3.1/../../../../arm-none-eabi/lib/thumb/v7-m\libc.a(lib_a-setvbuf.o) (__sinit)
c:/program files (x86)/atmel/studio/7.0/toolchain/arm/arm-gnu-toolchain/bin/../lib/gcc/arm-none-eabi/6.3.1/../../../../arm-none-eabi/lib/thumb/v7-m\libc.a(lib_a-fini.o)
[...]
Memory Configuration

Name             Origin             Length             Attributes
rom              0x00080000         0x00080000         xr
sram0            0x20000000         0x00010000         xrw
sram1            0x20080000         0x00008000         xrw
ram              0x20070000         0x00018000         xrw
*default*        0x00000000         0xffffffff

Linker script and memory map

LOAD c:/program files (x86)/atmel/studio/7.0/toolchain/arm/arm-gnu-toolchain/bin/../lib/gcc/arm-none-eabi/6.3.1/thumb/v7-m/crti.o
LOAD c:/program files (x86)/atmel/studio/7.0/toolchain/arm/arm-gnu-toolchain/bin/../lib/gcc/arm-none-eabi/6.3.1/thumb/v7-m/crtbegin.o
LOAD c:/program files (x86)/atmel/studio/7.0/toolchain/arm/arm-gnu-toolchain/bin/../lib/gcc/arm-none-eabi/6.3.1/../../../../arm-none-eabi/lib/thumb/v7-m/crt0.o
LOAD src/ASF/common/utils/stdio/read.o
LOAD src/ASF/sam/drivers/usart/usart.o
LOAD src/ASF/thirdparty/wireless/addons/sio2host/uart/sio2host.o
LOAD src/pin_mapper.o
LOAD src/ASF/common/utils/stdio/write.o
LOAD src/ASF/common/services/serial/usart_serial.o
LOAD src/ASF/sam/drivers/uart/uart.o
LOAD src/console_driver.o
LOAD src/ASF/common/services/clock/sam3x/sysclk.o
LOAD src/ASF/common/utils/interrupt/interrupt_sam_nvic.o
LOAD src/ASF/sam/boards/arduino_due_x/init.o
LOAD src/ASF/sam/drivers/pio/pio.o
LOAD src/ASF/sam/drivers/pio/pio_handler.o
LOAD src/ASF/sam/drivers/pmc/pmc.o
LOAD src/ASF/sam/drivers/pmc/sleep.o
LOAD src/ASF/sam/utils/cmsis/sam3x/source/templates/exceptions.o
LOAD src/ASF/sam/utils/cmsis/sam3x/source/templates/gcc/startup_sam3x.o
LOAD src/ASF/sam/utils/cmsis/sam3x/source/templates/system_sam3x.o
LOAD src/ASF/sam/utils/syscalls/gcc/syscalls.o
LOAD src/main.o
START GROUP
LOAD ../src/ASF/thirdparty/CMSIS/Lib/GCC\libarm_cortexM3l_math.a
LOAD c:/program files (x86)/atmel/studio/7.0/toolchain/arm/arm-gnu-toolchain/bin/../lib/gcc/arm-none-eabi/6.3.1/../../../../arm-none-eabi/lib/thumb/v7-m\libm.a
END GROUP
START GROUP
LOAD c:/program files (x86)/atmel/studio/7.0/toolchain/arm/arm-gnu-toolchain/bin/../lib/gcc/arm-none-eabi/6.3.1/thumb/v7-m\libgcc.a
LOAD c:/program files (x86)/atmel/studio/7.0/toolchain/arm/arm-gnu-toolchain/bin/../lib/gcc/arm-none-eabi/6.3.1/../../../../arm-none-eabi/lib/thumb/v7-m\libc.a
END GROUP
LOAD c:/program files (x86)/atmel/studio/7.0/toolchain/arm/arm-gnu-toolchain/bin/../lib/gcc/arm-none-eabi/6.3.1/thumb/v7-m/crtend.o
LOAD c:/program files (x86)/atmel/studio/7.0/toolchain/arm/arm-gnu-toolchain/bin/../lib/gcc/arm-none-eabi/6.3.1/thumb/v7-m/crtn.o
                0x00002000                __stack_size__ = DEFINED (__stack_size__)?__stack_size__:0x2000
                0x20087ffc                __ram_end__ = ((ORIGIN (ram) + LENGTH (ram)) - 0x4)

.text           0x00080000     0x3ff0
                0x00080000                . = ALIGN (0x4)
                0x00080000                _sfixed = .
 *(.vectors .vectors.*)
 .vectors       0x00080000       0xf4 src/ASF/sam/utils/cmsis/sam3x/source/templates/gcc/startup_sam3x.o
                0x00080000                exception_table
 *(.text .text.* .gnu.linkonce.t.*)
 .text          0x000800f4       0x6c c:/program files (x86)/atmel/studio/7.0/toolchain/arm/arm-gnu-toolchain/bin/../lib/gcc/arm-none-eabi/6.3.1/thumb/v7-m/crtbegin.o
 .text._read    0x00080160       0x3c src/ASF/common/utils/stdio/read.o
                0x00080160                _read
 .text.usart_write
                0x0008019c       0x14 src/ASF/sam/drivers/usart/usart.o
                0x0008019c                usart_write
 .text.usart_read
                0x000801b0       0x18 src/ASF/sam/drivers/usart/usart.o
                0x000801b0                usart_read
 .text.USART0_Handler
                0x000801c8       0x60 src/ASF/thirdparty/wireless/addons/sio2host/uart/sio2host.o
                0x000801c8                USART0_Handler
 .text.pin_mapper
                0x00080228        0xc src/pin_mapper.o
                0x00080228                pin_mapper
 .text._write   0x00080234       0x50 src/ASF/common/utils/stdio/write.o
                0x00080234                _write
 .text.usart_serial_read_packet
                0x00080284       0xc8 src/ASF/common/services/serial/usart_serial.o
                0x00080284                usart_serial_read_packet
 .text.uart_init
                0x0008034c       0x36 src/ASF/sam/drivers/uart/uart.o
                0x0008034c                uart_init
 .text.uart_write
                0x00080382       0x10 src/ASF/sam/drivers/uart/uart.o
                0x00080382                uart_write
 .text.uart_read
                0x00080392       0x12 src/ASF/sam/drivers/uart/uart.o
                0x00080392                uart_read
 .text.usart_serial_getchar
                0x000803a4       0xac src/console_driver.o
 .text.usart_serial_putchar
                0x00080450       0x9c src/console_driver.o
 .text.console_init
                0x000804ec       0x7c src/console_driver.o
                0x000804ec                console_init
 .text.sysclk_init
                0x00080568       0x64 src/ASF/common/services/clock/sam3x/sysclk.o
                0x00080568                sysclk_init
 .text.board_init
                0x000805cc       0x80 src/ASF/sam/boards/arduino_due_x/init.o
                0x000805cc                board_init
 .text.pio_set_peripheral
                0x0008064c       0x3e src/ASF/sam/drivers/pio/pio.o
                0x0008064c                pio_set_peripheral
 .text.pio_set_input
                0x0008068a       0x32 src/ASF/sam/drivers/pio/pio.o
                0x0008068a                pio_set_input
 .text.pio_set_output
                0x000806bc       0x26 src/ASF/sam/drivers/pio/pio.o
                0x000806bc                pio_set_output
 .text.pio_get_interrupt_status
                0x000806e2        0x4 src/ASF/sam/drivers/pio/pio.o
                0x000806e2                pio_get_interrupt_status
 .text.pio_get_interrupt_mask
                0x000806e6        0x4 src/ASF/sam/drivers/pio/pio.o
                0x000806e6                pio_get_interrupt_mask
 *fill*         0x000806ea        0x2 
 .text.pio_configure_pin
                0x000806ec       0xd0 src/ASF/sam/drivers/pio/pio.o
                0x000806ec                pio_configure_pin
 .text.pio_configure_pin_group
                0x000807bc       0x9c src/ASF/sam/drivers/pio/pio.o
                0x000807bc                pio_configure_pin_group
 .text.pio_handler_process
                0x00080858       0x50 src/ASF/sam/drivers/pio/pio_handler.o
                0x00080858                pio_handler_process
 .text.PIOA_Handler
                0x000808a8       0x14 src/ASF/sam/drivers/pio/pio_handler.o
                0x000808a8                PIOA_Handler
 .text.PIOB_Handler
                0x000808bc       0x14 src/ASF/sam/drivers/pio/pio_handler.o
                0x000808bc                PIOB_Handler
 .text.PIOC_Handler
                0x000808d0       0x14 src/ASF/sam/drivers/pio/pio_handler.o
                0x000808d0                PIOC_Handler
 .text.PIOD_Handler
                0x000808e4       0x14 src/ASF/sam/drivers/pio/pio_handler.o
                0x000808e4                PIOD_Handler
 .text.pmc_switch_mck_to_pllack
                0x000808f8       0x64 src/ASF/sam/drivers/pmc/pmc.o
                0x000808f8                pmc_switch_mck_to_pllack
 .text.pmc_switch_mainck_to_xtal
                0x0008095c       0x54 src/ASF/sam/drivers/pmc/pmc.o
                0x0008095c                pmc_switch_mainck_to_xtal
 .text.pmc_osc_is_ready_mainck
                0x000809b0       0x10 src/ASF/sam/drivers/pmc/pmc.o
                0x000809b0                pmc_osc_is_ready_mainck
 .text.pmc_disable_pllack
                0x000809c0       0x10 src/ASF/sam/drivers/pmc/pmc.o
                0x000809c0                pmc_disable_pllack
 .text.pmc_is_locked_pllack
                0x000809d0       0x10 src/ASF/sam/drivers/pmc/pmc.o
                0x000809d0                pmc_is_locked_pllack
 .text.pmc_enable_periph_clk
                0x000809e0       0x20 src/ASF/sam/drivers/pmc/pmc.o
                0x000809e0                pmc_enable_periph_clk
 .text.Dummy_Handler
                0x00080a00        0x2 src/ASF/sam/utils/cmsis/sam3x/source/templates/exceptions.o
                0x00080a00                DACC_Handler
                0x00080a00                DebugMon_Handler
                0x00080a00                DMAC_Handler
                0x00080a00                TRNG_Handler
                0x00080a00                HardFault_Handler
                0x00080a00                TC2_Handler
                0x00080a00                SysTick_Handler
                0x00080a00                USART3_Handler
                0x00080a00                TWI1_Handler
                0x00080a00                PendSV_Handler
                0x00080a00                NMI_Handler
                0x00080a00                TC7_Handler
                0x00080a00                ADC_Handler
                0x00080a00                SMC_Handler
                0x00080a00                RTT_Handler
                0x00080a00                EFC1_Handler
                0x00080a00                RTC_Handler
                0x00080a00                UsageFault_Handler
                0x00080a00                TC6_Handler
                0x00080a00                WDT_Handler
                0x00080a00                CAN0_Handler
                0x00080a00                TC4_Handler
                0x00080a00                TC1_Handler
                0x00080a00                HSMCI_Handler
                0x00080a00                TC3_Handler
                0x00080a00                Dummy_Handler
                0x00080a00                TWI0_Handler
                0x00080a00                USART1_Handler
                0x00080a00                SSC_Handler
                0x00080a00                EFC0_Handler
                0x00080a00                PMC_Handler
                0x00080a00                PWM_Handler
                0x00080a00                CAN1_Handler
                0x00080a00                MemManage_Handler
                0x00080a00                SUPC_Handler
                0x00080a00                SVC_Handler
                0x00080a00                TC8_Handler
                0x00080a00                USART2_Handler
                0x00080a00                EMAC_Handler
                0x00080a00                UART_Handler
                0x00080a00                BusFault_Handler
                0x00080a00                RSTC_Handler
                0x00080a00                TC0_Handler
                0x00080a00                TC5_Handler
                0x00080a00                UOTGHS_Handler
                0x00080a00                SPI0_Handler
 *fill*         0x00080a02        0x2 
 .text.Reset_Handler
                0x00080a04       0x98 src/ASF/sam/utils/cmsis/sam3x/source/templates/gcc/startup_sam3x.o
                0x00080a04                Reset_Handler
 .text.SystemCoreClockUpdate
                0x00080a9c      0x118 src/ASF/sam/utils/cmsis/sam3x/source/templates/system_sam3x.o
                0x00080a9c                SystemCoreClockUpdate
 .text._sbrk    0x00080bb4       0x38 src/ASF/sam/utils/syscalls/gcc/syscalls.o
                0x00080bb4                _sbrk
 .text._close   0x00080bec        0x6 src/ASF/sam/utils/syscalls/gcc/syscalls.o
                0x00080bec                _close
 .text._fstat   0x00080bf2        0xa src/ASF/sam/utils/syscalls/gcc/syscalls.o
                0x00080bf2                _fstat
 .text._isatty  0x00080bfc        0x4 src/ASF/sam/utils/syscalls/gcc/syscalls.o
                0x00080bfc                _isatty
 .text._lseek   0x00080c00        0x4 src/ASF/sam/utils/syscalls/gcc/syscalls.o
                0x00080c00                _lseek
 .text.enable_pins
                0x00080c04      0x198 src/main.o
                0x00080c04                enable_pins
 .text.main     0x00080d9c      0x1f4 src/main.o
                0x00080d9c                main
 .text.__libc_init_array
                0x00080f90       0x50 c:/program files (x86)/atmel/studio/7.0/toolchain/arm/arm-gnu-toolchain/bin/../lib/gcc/arm-none-eabi/6.3.1/../../../../arm-none-eabi/lib/thumb/v7-m\libc.a(lib_a-init.o)
                0x00080f90                __libc_init_array
 .text.iprintf  0x00080fe0       0x28 c:/program files (x86)/atmel/studio/7.0/toolchain/arm/arm-gnu-toolchain/bin/../lib/gcc/arm-none-eabi/6.3.1/../../../../arm-none-eabi/lib/thumb/v7-m\libc.a(lib_a-iprintf.o)
                0x00080fe0                iprintf
 .text.memset   0x00081008       0x9c c:/program files (x86)/atmel/studio/7.0/toolchain/arm/arm-gnu-toolchain/bin/../lib/gcc/arm-none-eabi/6.3.1/../../../../arm-none-eabi/lib/thumb/v7-m\libc.a(lib_a-memset.o)
                0x00081008                memset
 .text.setbuf   0x000810a4       0x10 c:/program files (x86)/atmel/studio/7.0/toolchain/arm/arm-gnu-toolchain/bin/../lib/gcc/arm-none-eabi/6.3.1/../../../../arm-none-eabi/lib/thumb/v7-m\libc.a(lib_a-setbuf.o)
                0x000810a4                setbuf
 .text.setvbuf  0x000810b4      0x190 c:/program files (x86)/atmel/studio/7.0/toolchain/arm/arm-gnu-toolchain/bin/../lib/gcc/arm-none-eabi/6.3.1/../../../../arm-none-eabi/lib/thumb/v7-m\libc.a(lib_a-setvbuf.o)
                0x000810b4                setvbuf
 .text.__sprint_r.part.0
                0x00081244       0x80 c:/program files (x86)/atmel/studio/7.0/toolchain/arm/arm-gnu-toolchain/bin/../lib/gcc/arm-none-eabi/6.3.1/../../../../arm-none-eabi/lib/thumb/v7-m\libc.a(lib_a-vfiprintf.o)
 .text._vfiprintf_r
                0x000812c4      0xc88 c:/program files (x86)/atmel/studio/7.0/toolchain/arm/arm-gnu-toolchain/bin/../lib/gcc/arm-none-eabi/6.3.1/../../../../arm-none-eabi/lib/thumb/v7-m\libc.a(lib_a-vfiprintf.o)
                0x000812c4                _vfiprintf_r
 .text.__sbprintf
                0x00081f4c       0x88 c:/program files (x86)/atmel/studio/7.0/toolchain/arm/arm-gnu-toolchain/bin/../lib/gcc/arm-none-eabi/6.3.1/../../../../arm-none-eabi/lib/thumb/v7-m\libc.a(lib_a-vfiprintf.o)
 .text.__swsetup_r
                0x00081fd4       0xc8 c:/program files (x86)/atmel/studio/7.0/toolchain/arm/arm-gnu-toolchain/bin/../lib/gcc/arm-none-eabi/6.3.1/../../../../arm-none-eabi/lib/thumb/v7-m\libc.a(lib_a-wsetup.o)
                0x00081fd4                __swsetup_r
 .text.startup.register_fini
                0x0008209c       0x14 c:/program files (x86)/atmel/studio/7.0/toolchain/arm/arm-gnu-toolchain/bin/../lib/gcc/arm-none-eabi/6.3.1/../../../../arm-none-eabi/lib/thumb/v7-m\libc.a(lib_a-__call_atexit.o)
 .text.atexit   0x000820b0        0xc c:/program files (x86)/atmel/studio/7.0/toolchain/arm/arm-gnu-toolchain/bin/../lib/gcc/arm-none-eabi/6.3.1/../../../../arm-none-eabi/lib/thumb/v7-m\libc.a(lib_a-atexit.o)
                0x000820b0                atexit
 .text.__sflush_r
                0x000820bc      0x138 c:/program files (x86)/atmel/studio/7.0/toolchain/arm/arm-gnu-toolchain/bin/../lib/gcc/arm-none-eabi/6.3.1/../../../../arm-none-eabi/lib/thumb/v7-m\libc.a(lib_a-fflush.o)
                0x000820bc                __sflush_r
 .text._fflush_r
                0x000821f4       0x54 c:/program files (x86)/atmel/studio/7.0/toolchain/arm/arm-gnu-toolchain/bin/../lib/gcc/arm-none-eabi/6.3.1/../../../../arm-none-eabi/lib/thumb/v7-m\libc.a(lib_a-fflush.o)
                0x000821f4                _fflush_r
 .text._cleanup_r
                0x00082248        0xc c:/program files (x86)/atmel/studio/7.0/toolchain/arm/arm-gnu-toolchain/bin/../lib/gcc/arm-none-eabi/6.3.1/../../../../arm-none-eabi/lib/thumb/v7-m\libc.a(lib_a-findfp.o)
                0x00082248                _cleanup_r
 .text.std.isra.0
                0x00082254       0x50 c:/program files (x86)/atmel/studio/7.0/toolchain/arm/arm-gnu-toolchain/bin/../lib/gcc/arm-none-eabi/6.3.1/../../../../arm-none-eabi/lib/thumb/v7-m\libc.a(lib_a-findfp.o)
 .text.__sinit  0x000822a4       0x60 c:/program files (x86)/atmel/studio/7.0/toolchain/arm/arm-gnu-toolchain/bin/../lib/gcc/arm-none-eabi/6.3.1/../../../../arm-none-eabi/lib/thumb/v7-m\libc.a(lib_a-findfp.o)
                0x000822a4                __sinit
 .text.__sfp_lock_acquire
                0x00082304        0xc c:/program files (x86)/atmel/studio/7.0/toolchain/arm/arm-gnu-toolchain/bin/../lib/gcc/arm-none-eabi/6.3.1/../../../../arm-none-eabi/lib/thumb/v7-m\libc.a(lib_a-findfp.o)
                0x00082304                __sfp_lock_acquire
 .text.__sfp_lock_release
                0x00082310        0xc c:/program files (x86)/atmel/studio/7.0/toolchain/arm/arm-gnu-toolchain/bin/../lib/gcc/arm-none-eabi/6.3.1/../../../../arm-none-eabi/lib/thumb/v7-m\libc.a(lib_a-findfp.o)
                0x00082310                __sfp_lock_release
 .text.__libc_fini_array
                0x0008231c       0x34 c:/program files (x86)/atmel/studio/7.0/toolchain/arm/arm-gnu-toolchain/bin/../lib/gcc/arm-none-eabi/6.3.1/../../../../arm-none-eabi/lib/thumb/v7-m\libc.a(lib_a-fini.o)
                0x0008231c                __libc_fini_array
 .text.__fputwc
                0x00082350       0x98 c:/program files (x86)/atmel/studio/7.0/toolchain/arm/arm-gnu-toolchain/bin/../lib/gcc/arm-none-eabi/6.3.1/../../../../arm-none-eabi/lib/thumb/v7-m\libc.a(lib_a-fputwc.o)
                0x00082350                __fputwc
 .text._fputwc_r
                0x000823e8       0x68 c:/program files (x86)/atmel/studio/7.0/toolchain/arm/arm-gnu-toolchain/bin/../lib/gcc/arm-none-eabi/6.3.1/../../../../arm-none-eabi/lib/thumb/v7-m\libc.a(lib_a-fputwc.o)
                0x000823e8                _fputwc_r
 .text._malloc_trim_r
                0x00082450       0xa0 c:/program files (x86)/atmel/studio/7.0/toolchain/arm/arm-gnu-toolchain/bin/../lib/gcc/arm-none-eabi/6.3.1/../../../../arm-none-eabi/lib/thumb/v7-m\libc.a(lib_a-freer.o)
                0x00082450                _malloc_trim_r
 .text._free_r  0x000824f0      0x1cc c:/program files (x86)/atmel/studio/7.0/toolchain/arm/arm-gnu-toolchain/bin/../lib/gcc/arm-none-eabi/6.3.1/../../../../arm-none-eabi/lib/thumb/v7-m\libc.a(lib_a-freer.o)
                0x000824f0                _free_r
 .text.__sfvwrite_r
                0x000826bc      0x2f4 c:/program files (x86)/atmel/studio/7.0/toolchain/arm/arm-gnu-toolchain/bin/../lib/gcc/arm-none-eabi/6.3.1/../../../../arm-none-eabi/lib/thumb/v7-m\libc.a(lib_a-fvwrite.o)
                0x000826bc                __sfvwrite_r
 .text._fwalk_reent
                0x000829b0       0x50 c:/program files (x86)/atmel/studio/7.0/toolchain/arm/arm-gnu-toolchain/bin/../lib/gcc/arm-none-eabi/6.3.1/../../../../arm-none-eabi/lib/thumb/v7-m\libc.a(lib_a-fwalk.o)
                0x000829b0                _fwalk_reent
 .text.__locale_mb_cur_max
                0x00082a00       0x1c c:/program files (x86)/atmel/studio/7.0/toolchain/arm/arm-gnu-toolchain/bin/../lib/gcc/arm-none-eabi/6.3.1/../../../../arm-none-eabi/lib/thumb/v7-m\libc.a(lib_a-locale.o)
                0x00082a00                __locale_mb_cur_max
 .text.__retarget_lock_init_recursive
                0x00082a1c        0x4 c:/program files (x86)/atmel/studio/7.0/toolchain/arm/arm-gnu-toolchain/bin/../lib/gcc/arm-none-eabi/6.3.1/../../../../arm-none-eabi/lib/thumb/v7-m\libc.a(lib_a-lock.o)
                0x00082a1c                __retarget_lock_init_recursive
 .text.__retarget_lock_close_recursive
                0x00082a20        0x4 c:/program files (x86)/atmel/studio/7.0/toolchain/arm/arm-gnu-toolchain/bin/../lib/gcc/arm-none-eabi/6.3.1/../../../../arm-none-eabi/lib/thumb/v7-m\libc.a(lib_a-lock.o)
                0x00082a20                __retarget_lock_close_recursive
 .text.__retarget_lock_acquire_recursive
                0x00082a24        0x4 c:/program files (x86)/atmel/studio/7.0/toolchain/arm/arm-gnu-toolchain/bin/../lib/gcc/arm-none-eabi/6.3.1/../../../../arm-none-eabi/lib/thumb/v7-m\libc.a(lib_a-lock.o)
                0x00082a24                __retarget_lock_acquire_recursive
 .text.__retarget_lock_release_recursive
                0x00082a28        0x4 c:/program files (x86)/atmel/studio/7.0/toolchain/arm/arm-gnu-toolchain/bin/../lib/gcc/arm-none-eabi/6.3.1/../../../../arm-none-eabi/lib/thumb/v7-m\libc.a(lib_a-lock.o)
                0x00082a28                __retarget_lock_release_recursive
 .text.__swhatbuf_r
                0x00082a2c       0x5c c:/program files (x86)/atmel/studio/7.0/toolchain/arm/arm-gnu-toolchain/bin/../lib/gcc/arm-none-eabi/6.3.1/../../../../arm-none-eabi/lib/thumb/v7-m\libc.a(lib_a-makebuf.o)
                0x00082a2c                __swhatbuf_r
 .text.__smakebuf_r
                0x00082a88       0x94 c:/program files (x86)/atmel/studio/7.0/toolchain/arm/arm-gnu-toolchain/bin/../lib/gcc/arm-none-eabi/6.3.1/../../../../arm-none-eabi/lib/thumb/v7-m\libc.a(lib_a-makebuf.o)
                0x00082a88                __smakebuf_r
 .text.malloc   0x00082b1c       0x10 c:/program files (x86)/atmel/studio/7.0/toolchain/arm/arm-gnu-toolchain/bin/../lib/gcc/arm-none-eabi/6.3.1/../../../../arm-none-eabi/lib/thumb/v7-m\libc.a(lib_a-malloc.o)
                0x00082b1c                malloc
 .text._malloc_r
                0x00082b2c      0x544 c:/program files (x86)/atmel/studio/7.0/toolchain/arm/arm-gnu-toolchain/bin/../lib/gcc/arm-none-eabi/6.3.1/../../../../arm-none-eabi/lib/thumb/v7-m\libc.a(lib_a-mallocr.o)
                0x00082b2c                _malloc_r
 .text.__ascii_mbtowc
                0x00083070       0x2c c:/program files (x86)/atmel/studio/7.0/toolchain/arm/arm-gnu-toolchain/bin/../lib/gcc/arm-none-eabi/6.3.1/../../../../arm-none-eabi/lib/thumb/v7-m\libc.a(lib_a-mbtowc_r.o)
                0x00083070                __ascii_mbtowc
 .text.memchr   0x0008309c       0x8c c:/program files (x86)/atmel/studio/7.0/toolchain/arm/arm-gnu-toolchain/bin/../lib/gcc/arm-none-eabi/6.3.1/../../../../arm-none-eabi/lib/thumb/v7-m\libc.a(lib_a-memchr-stub.o)
                0x0008309c                memchr
 .text          0x00083128       0xec c:/program files (x86)/atmel/studio/7.0/toolchain/arm/arm-gnu-toolchain/bin/../lib/gcc/arm-none-eabi/6.3.1/../../../../arm-none-eabi/lib/thumb/v7-m\libc.a(lib_a-memcpy.o)
                0x00083128                memcpy
 .text.memmove  0x00083214       0xc8 c:/program files (x86)/atmel/studio/7.0/toolchain/arm/arm-gnu-toolchain/bin/../lib/gcc/arm-none-eabi/6.3.1/../../../../arm-none-eabi/lib/thumb/v7-m\libc.a(lib_a-memmove.o)
                0x00083214                memmove
 .text.__malloc_lock
                0x000832dc        0xc c:/program files (x86)/atmel/studio/7.0/toolchain/arm/arm-gnu-toolchain/bin/../lib/gcc/arm-none-eabi/6.3.1/../../../../arm-none-eabi/lib/thumb/v7-m\libc.a(lib_a-mlock.o)
                0x000832dc                __malloc_lock
 .text.__malloc_unlock
                0x000832e8        0xc c:/program files (x86)/atmel/studio/7.0/toolchain/arm/arm-gnu-toolchain/bin/../lib/gcc/arm-none-eabi/6.3.1/../../../../arm-none-eabi/lib/thumb/v7-m\libc.a(lib_a-mlock.o)
                0x000832e8                __malloc_unlock
 .text._realloc_r
                0x000832f4      0x36c c:/program files (x86)/atmel/studio/7.0/toolchain/arm/arm-gnu-toolchain/bin/../lib/gcc/arm-none-eabi/6.3.1/../../../../arm-none-eabi/lib/thumb/v7-m\libc.a(lib_a-reallocr.o)
                0x000832f4                _realloc_r
 .text._sbrk_r  0x00083660       0x24 c:/program files (x86)/atmel/studio/7.0/toolchain/arm/arm-gnu-toolchain/bin/../lib/gcc/arm-none-eabi/6.3.1/../../../../arm-none-eabi/lib/thumb/v7-m\libc.a(lib_a-sbrkr.o)
                0x00083660                _sbrk_r
 .text.__sread  0x00083684       0x24 c:/program files (x86)/atmel/studio/7.0/toolchain/arm/arm-gnu-toolchain/bin/../lib/gcc/arm-none-eabi/6.3.1/../../../../arm-none-eabi/lib/thumb/v7-m\libc.a(lib_a-stdio.o)
                0x00083684                __sread
 .text.__swrite
                0x000836a8       0x3c c:/program files (x86)/atmel/studio/7.0/toolchain/arm/arm-gnu-toolchain/bin/../lib/gcc/arm-none-eabi/6.3.1/../../../../arm-none-eabi/lib/thumb/v7-m\libc.a(lib_a-stdio.o)
                0x000836a8                __swrite
 .text.__sseek  0x000836e4       0x20 c:/program files (x86)/atmel/studio/7.0/toolchain/arm/arm-gnu-toolchain/bin/../lib/gcc/arm-none-eabi/6.3.1/../../../../arm-none-eabi/lib/thumb/v7-m\libc.a(lib_a-stdio.o)
                0x000836e4                __sseek
 .text.__sclose
                0x00083704        0x8 c:/program files (x86)/atmel/studio/7.0/toolchain/arm/arm-gnu-toolchain/bin/../lib/gcc/arm-none-eabi/6.3.1/../../../../arm-none-eabi/lib/thumb/v7-m\libc.a(lib_a-stdio.o)
                0x00083704                __sclose
 .text.strlen   0x0008370c       0x5c c:/program files (x86)/atmel/studio/7.0/toolchain/arm/arm-gnu-toolchain/bin/../lib/gcc/arm-none-eabi/6.3.1/../../../../arm-none-eabi/lib/thumb/v7-m\libc.a(lib_a-strlen-stub.o)
                0x0008370c                strlen
 .text.__swbuf_r
                0x00083768       0xb0 c:/program files (x86)/atmel/studio/7.0/toolchain/arm/arm-gnu-toolchain/bin/../lib/gcc/arm-none-eabi/6.3.1/../../../../arm-none-eabi/lib/thumb/v7-m\libc.a(lib_a-wbuf.o)
                0x00083768                __swbuf_r
 .text._wcrtomb_r
                0x00083818       0x54 c:/program files (x86)/atmel/studio/7.0/toolchain/arm/arm-gnu-toolchain/bin/../lib/gcc/arm-none-eabi/6.3.1/../../../../arm-none-eabi/lib/thumb/v7-m\libc.a(lib_a-wcrtomb.o)
                0x00083818                _wcrtomb_r
 .text.__ascii_wctomb
                0x0008386c       0x18 c:/program files (x86)/atmel/studio/7.0/toolchain/arm/arm-gnu-toolchain/bin/../lib/gcc/arm-none-eabi/6.3.1/../../../../arm-none-eabi/lib/thumb/v7-m\libc.a(lib_a-wctomb_r.o)
                0x0008386c                __ascii_wctomb
 .text._write_r
                0x00083884       0x2c c:/program files (x86)/atmel/studio/7.0/toolchain/arm/arm-gnu-toolchain/bin/../lib/gcc/arm-none-eabi/6.3.1/../../../../arm-none-eabi/lib/thumb/v7-m\libc.a(lib_a-writer.o)
                0x00083884                _write_r
 .text.__register_exitproc
                0x000838b0       0xc4 c:/program files (x86)/atmel/studio/7.0/toolchain/arm/arm-gnu-toolchain/bin/../lib/gcc/arm-none-eabi/6.3.1/../../../../arm-none-eabi/lib/thumb/v7-m\libc.a(lib_a-__atexit.o)
                0x000838b0                __register_exitproc
 .text._close_r
                0x00083974       0x24 c:/program files (x86)/atmel/studio/7.0/toolchain/arm/arm-gnu-toolchain/bin/../lib/gcc/arm-none-eabi/6.3.1/../../../../arm-none-eabi/lib/thumb/v7-m\libc.a(lib_a-closer.o)
                0x00083974                _close_r
 .text._fclose_r
                0x00083998       0xc4 c:/program files (x86)/atmel/studio/7.0/toolchain/arm/arm-gnu-toolchain/bin/../lib/gcc/arm-none-eabi/6.3.1/../../../../arm-none-eabi/lib/thumb/v7-m\libc.a(lib_a-fclose.o)
                0x00083998                _fclose_r
 .text._fstat_r
                0x00083a5c       0x28 c:/program files (x86)/atmel/studio/7.0/toolchain/arm/arm-gnu-toolchain/bin/../lib/gcc/arm-none-eabi/6.3.1/../../../../arm-none-eabi/lib/thumb/v7-m\libc.a(lib_a-fstatr.o)
                0x00083a5c                _fstat_r
 .text._isatty_r
                0x00083a84       0x24 c:/program files (x86)/atmel/studio/7.0/toolchain/arm/arm-gnu-toolchain/bin/../lib/gcc/arm-none-eabi/6.3.1/../../../../arm-none-eabi/lib/thumb/v7-m\libc.a(lib_a-isattyr.o)
                0x00083a84                _isatty_r
 .text._lseek_r
                0x00083aa8       0x2c c:/program files (x86)/atmel/studio/7.0/toolchain/arm/arm-gnu-toolchain/bin/../lib/gcc/arm-none-eabi/6.3.1/../../../../arm-none-eabi/lib/thumb/v7-m\libc.a(lib_a-lseekr.o)
                0x00083aa8                _lseek_r
 .text._read_r  0x00083ad4       0x2c c:/program files (x86)/atmel/studio/7.0/toolchain/arm/arm-gnu-toolchain/bin/../lib/gcc/arm-none-eabi/6.3.1/../../../../arm-none-eabi/lib/thumb/v7-m\libc.a(lib_a-readr.o)
                0x00083ad4                _read_r
 .text          0x00083b00       0x30 c:/program files (x86)/atmel/studio/7.0/toolchain/arm/arm-gnu-toolchain/bin/../lib/gcc/arm-none-eabi/6.3.1/thumb/v7-m\libgcc.a(_aeabi_uldivmod.o)
                0x00083b00                __aeabi_uldivmod
 .text          0x00083b30      0x2dc c:/program files (x86)/atmel/studio/7.0/toolchain/arm/arm-gnu-toolchain/bin/../lib/gcc/arm-none-eabi/6.3.1/thumb/v7-m\libgcc.a(_udivmoddi4.o)
                0x00083b30                __udivmoddi4
 .text          0x00083e0c        0x4 c:/program files (x86)/atmel/studio/7.0/toolchain/arm/arm-gnu-toolchain/bin/../lib/gcc/arm-none-eabi/6.3.1/thumb/v7-m\libgcc.a(_dvmd_tls.o)
                0x00083e0c                __aeabi_idiv0
                0x00083e0c                __aeabi_ldiv0
 *(.glue_7t)
 .glue_7t       0x00083e10        0x0 linker stubs
 *(.glue_7)
 .glue_7        0x00083e10        0x0 linker stubs
 *(.rodata .rodata* .gnu.linkonce.r.*)
 .rodata.main.str1.4
                0x00083e10       0x53 src/main.o
 *fill*         0x00083e63        0x1 
 .rodata._global_impure_ptr
                0x00083e64        0x4 c:/program files (x86)/atmel/studio/7.0/toolchain/arm/arm-gnu-toolchain/bin/../lib/gcc/arm-none-eabi/6.3.1/../../../../arm-none-eabi/lib/thumb/v7-m\libc.a(lib_a-impure.o)
                0x00083e64                _global_impure_ptr
 .rodata._vfiprintf_r.str1.4
                0x00083e68       0x2f c:/program files (x86)/atmel/studio/7.0/toolchain/arm/arm-gnu-toolchain/bin/../lib/gcc/arm-none-eabi/6.3.1/../../../../arm-none-eabi/lib/thumb/v7-m\libc.a(lib_a-vfiprintf.o)
 *fill*         0x00083e97        0x1 
 .rodata.blanks.7217
                0x00083e98       0x10 c:/program files (x86)/atmel/studio/7.0/toolchain/arm/arm-gnu-toolchain/bin/../lib/gcc/arm-none-eabi/6.3.1/../../../../arm-none-eabi/lib/thumb/v7-m\libc.a(lib_a-vfiprintf.o)
 .rodata.zeroes.7218
                0x00083ea8       0x10 c:/program files (x86)/atmel/studio/7.0/toolchain/arm/arm-gnu-toolchain/bin/../lib/gcc/arm-none-eabi/6.3.1/../../../../arm-none-eabi/lib/thumb/v7-m\libc.a(lib_a-vfiprintf.o)
 .rodata._setlocale_r.str1.4
                0x00083eb8        0xa c:/program files (x86)/atmel/studio/7.0/toolchain/arm/arm-gnu-toolchain/bin/../lib/gcc/arm-none-eabi/6.3.1/../../../../arm-none-eabi/lib/thumb/v7-m\libc.a(lib_a-locale.o)
                                  0xd (size before relaxing)
 *fill*         0x00083ec2        0x2 
 .rodata.str1.4
                0x00083ec4        0x4 c:/program files (x86)/atmel/studio/7.0/toolchain/arm/arm-gnu-toolchain/bin/../lib/gcc/arm-none-eabi/6.3.1/../../../../arm-none-eabi/lib/thumb/v7-m\libc.a(lib_a-locale.o)
                                  0x2 (size before relaxing)
 .rodata._ctype_
                0x00083ec8      0x101 c:/program files (x86)/atmel/studio/7.0/toolchain/arm/arm-gnu-toolchain/bin/../lib/gcc/arm-none-eabi/6.3.1/../../../../arm-none-eabi/lib/thumb/v7-m\libc.a(lib_a-ctype_.o)
                0x00083ec8                _ctype_
 *(.ARM.extab* .gnu.linkonce.armextab.*)
                0x00083fcc                . = ALIGN (0x4)
 *fill*         0x00083fc9        0x3 
 *(.init)
 .init          0x00083fcc        0x4 c:/program files (x86)/atmel/studio/7.0/toolchain/arm/arm-gnu-toolchain/bin/../lib/gcc/arm-none-eabi/6.3.1/thumb/v7-m/crti.o
                0x00083fcc                _init
 .init          0x00083fd0        0x8 c:/program files (x86)/atmel/studio/7.0/toolchain/arm/arm-gnu-toolchain/bin/../lib/gcc/arm-none-eabi/6.3.1/thumb/v7-m/crtn.o
                0x00083fd8                . = ALIGN (0x4)
                0x00083fd8                __preinit_array_start = .
 *(.preinit_array)
                0x00083fd8                __preinit_array_end = .
                0x00083fd8                . = ALIGN (0x4)
                0x00083fd8                __init_array_start = .
 *(SORT(.init_array.*))
 .init_array.00000
                0x00083fd8        0x4 c:/program files (x86)/atmel/studio/7.0/toolchain/arm/arm-gnu-toolchain/bin/../lib/gcc/arm-none-eabi/6.3.1/../../../../arm-none-eabi/lib/thumb/v7-m\libc.a(lib_a-__call_atexit.o)
 *(.init_array)
 .init_array    0x00083fdc        0x4 c:/program files (x86)/atmel/studio/7.0/toolchain/arm/arm-gnu-toolchain/bin/../lib/gcc/arm-none-eabi/6.3.1/thumb/v7-m/crtbegin.o
                0x00083fe0                __init_array_end = .
                0x00083fe0                . = ALIGN (0x4)
 *crtbegin.o(.ctors)
 *(EXCLUDE_FILE(*crtend.o) .ctors)
 *(SORT(.ctors.*))
 *crtend.o(.ctors)
                0x00083fe0                . = ALIGN (0x4)
 *(.fini)
 .fini          0x00083fe0        0x4 c:/program files (x86)/atmel/studio/7.0/toolchain/arm/arm-gnu-toolchain/bin/../lib/gcc/arm-none-eabi/6.3.1/thumb/v7-m/crti.o
                0x00083fe0                _fini
 .fini          0x00083fe4        0x8 c:/program files (x86)/atmel/studio/7.0/toolchain/arm/arm-gnu-toolchain/bin/../lib/gcc/arm-none-eabi/6.3.1/thumb/v7-m/crtn.o
                0x00083fec                . = ALIGN (0x4)
                0x00083fec                __fini_array_start = .
 *(.fini_array)
 .fini_array    0x00083fec        0x4 c:/program files (x86)/atmel/studio/7.0/toolchain/arm/arm-gnu-toolchain/bin/../lib/gcc/arm-none-eabi/6.3.1/thumb/v7-m/crtbegin.o
 *(SORT(.fini_array.*))
                0x00083ff0                __fini_array_end = .
 *crtbegin.o(.dtors)
 *(EXCLUDE_FILE(*crtend.o) .dtors)
 *(SORT(.dtors.*))
 *crtend.o(.dtors)
                0x00083ff0                . = ALIGN (0x4)
                0x00083ff0                _efixed = .
                [!provide]                PROVIDE (__exidx_start, .)

.vfp11_veneer   0x00083ff0        0x0
 .vfp11_veneer  0x00083ff0        0x0 linker stubs

.v4_bx          0x00083ff0        0x0
 .v4_bx         0x00083ff0        0x0 linker stubs

.iplt           0x00083ff0        0x0
 .iplt          0x00083ff0        0x0 c:/program files (x86)/atmel/studio/7.0/toolchain/arm/arm-gnu-toolchain/bin/../lib/gcc/arm-none-eabi/6.3.1/thumb/v7-m/crtbegin.o

.ARM.exidx      0x00083ff0        0x8
 *(.ARM.exidx* .gnu.linkonce.armexidx.*)
 .ARM.exidx     0x00083ff0        0x8 c:/program files (x86)/atmel/studio/7.0/toolchain/arm/arm-gnu-toolchain/bin/../lib/gcc/arm-none-eabi/6.3.1/thumb/v7-m\libgcc.a(_udivmoddi4.o)
                [!provide]                PROVIDE (__exidx_end, .)

.eh_frame       0x00083ff8        0x0
 .eh_frame      0x00083ff8        0x0 c:/program files (x86)/atmel/studio/7.0/toolchain/arm/arm-gnu-toolchain/bin/../lib/gcc/arm-none-eabi/6.3.1/thumb/v7-m/crtbegin.o

.rel.dyn        0x00083ff8        0x0
 .rel.iplt      0x00083ff8        0x0 c:/program files (x86)/atmel/studio/7.0/toolchain/arm/arm-gnu-toolchain/bin/../lib/gcc/arm-none-eabi/6.3.1/thumb/v7-m/crtbegin.o

.jcr            0x00083ff8        0x0
 .jcr           0x00083ff8        0x0 c:/program files (x86)/atmel/studio/7.0/toolchain/arm/arm-gnu-toolchain/bin/../lib/gcc/arm-none-eabi/6.3.1/thumb/v7-m/crtbegin.o

.igot.plt       0x00083ff8        0x0
 .igot.plt      0x00083ff8        0x0 c:/program files (x86)/atmel/studio/7.0/toolchain/arm/arm-gnu-toolchain/bin/../lib/gcc/arm-none-eabi/6.3.1/thumb/v7-m/crtbegin.o
                0x00083ff8                . = ALIGN (0x4)
                0x00083ff8                _etext = .

.relocate       0x20070000      0xb20 load address 0x00083ff8
                0x20070000                . = ALIGN (0x4)
                0x20070000                _srelocate = .
 *(.ramfunc .ramfunc.*)
 .ramfunc       0x20070000      0x12c src/ASF/sam/utils/cmsis/sam3x/source/templates/system_sam3x.o
                0x20070000                SystemInit
                0x200700a4                system_init_flash
 *(.data .data.*)
 .data.pin_table
                0x2007012c       0x42 src/pin_mapper.o
                0x2007012c                pin_table
 .data.g_interrupt_enabled
                0x2007016e        0x1 src/ASF/common/utils/interrupt/interrupt_sam_nvic.o
                0x2007016e                g_interrupt_enabled
 *fill*         0x2007016f        0x1 
 .data.SystemCoreClock
                0x20070170        0x4 src/ASF/sam/utils/cmsis/sam3x/source/templates/system_sam3x.o
                0x20070170                SystemCoreClock
 .data._impure_ptr
                0x20070174        0x4 c:/program files (x86)/atmel/studio/7.0/toolchain/arm/arm-gnu-toolchain/bin/../lib/gcc/arm-none-eabi/6.3.1/../../../../arm-none-eabi/lib/thumb/v7-m\libc.a(lib_a-impure.o)
                0x20070174                _impure_ptr
 .data.impure_data
                0x20070178      0x428 c:/program files (x86)/atmel/studio/7.0/toolchain/arm/arm-gnu-toolchain/bin/../lib/gcc/arm-none-eabi/6.3.1/../../../../arm-none-eabi/lib/thumb/v7-m\libc.a(lib_a-impure.o)
 .data.__atexit_recursive_mutex
                0x200705a0        0x4 c:/program files (x86)/atmel/studio/7.0/toolchain/arm/arm-gnu-toolchain/bin/../lib/gcc/arm-none-eabi/6.3.1/../../../../arm-none-eabi/lib/thumb/v7-m\libc.a(lib_a-__call_atexit.o)
                0x200705a0                __atexit_recursive_mutex
 .data.__global_locale
                0x200705a4      0x16c c:/program files (x86)/atmel/studio/7.0/toolchain/arm/arm-gnu-toolchain/bin/../lib/gcc/arm-none-eabi/6.3.1/../../../../arm-none-eabi/lib/thumb/v7-m\libc.a(lib_a-locale.o)
                0x200705a4                __global_locale
 .data.__malloc_av_
                0x20070710      0x408 c:/program files (x86)/atmel/studio/7.0/toolchain/arm/arm-gnu-toolchain/bin/../lib/gcc/arm-none-eabi/6.3.1/../../../../arm-none-eabi/lib/thumb/v7-m\libc.a(lib_a-mallocr.o)
                0x20070710                __malloc_av_
 .data.__malloc_sbrk_base
                0x20070b18        0x4 c:/program files (x86)/atmel/studio/7.0/toolchain/arm/arm-gnu-toolchain/bin/../lib/gcc/arm-none-eabi/6.3.1/../../../../arm-none-eabi/lib/thumb/v7-m\libc.a(lib_a-mallocr.o)
                0x20070b18                __malloc_sbrk_base
 .data.__malloc_trim_threshold
                0x20070b1c        0x4 c:/program files (x86)/atmel/studio/7.0/toolchain/arm/arm-gnu-toolchain/bin/../lib/gcc/arm-none-eabi/6.3.1/../../../../arm-none-eabi/lib/thumb/v7-m\libc.a(lib_a-mallocr.o)
                0x20070b1c                __malloc_trim_threshold
                0x20070b20                . = ALIGN (0x4)
                0x20070b20                _erelocate = .

.bss            0x20070b20      0x198 load address 0x00084b18
                0x20070b20                . = ALIGN (0x4)
                0x20070b20                _sbss = .
                0x20070b20                _szero = .
 *(.bss .bss.*)
 .bss           0x20070b20       0x1c c:/program files (x86)/atmel/studio/7.0/toolchain/arm/arm-gnu-toolchain/bin/../lib/gcc/arm-none-eabi/6.3.1/thumb/v7-m/crtbegin.o
 .bss.serial_rx_buf
                0x20070b3c       0x9c src/ASF/thirdparty/wireless/addons/sio2host/uart/sio2host.o
 .bss.serial_rx_buf_tail
                0x20070bd8        0x1 src/ASF/thirdparty/wireless/addons/sio2host/uart/sio2host.o
 *fill*         0x20070bd9        0x3 
 .bss.gs_interrupt_sources
                0x20070bdc       0x70 src/ASF/sam/drivers/pio/pio_handler.o
 .bss.heap.5297
                0x20070c4c        0x4 src/ASF/sam/utils/syscalls/gcc/syscalls.o
 .bss.__malloc_current_mallinfo
                0x20070c50       0x28 c:/program files (x86)/atmel/studio/7.0/toolchain/arm/arm-gnu-toolchain/bin/../lib/gcc/arm-none-eabi/6.3.1/../../../../arm-none-eabi/lib/thumb/v7-m\libc.a(lib_a-mallocr.o)
                0x20070c50                __malloc_current_mallinfo
 .bss.__malloc_max_sbrked_mem
                0x20070c78        0x4 c:/program files (x86)/atmel/studio/7.0/toolchain/arm/arm-gnu-toolchain/bin/../lib/gcc/arm-none-eabi/6.3.1/../../../../arm-none-eabi/lib/thumb/v7-m\libc.a(lib_a-mallocr.o)
                0x20070c78                __malloc_max_sbrked_mem
 .bss.__malloc_max_total_mem
                0x20070c7c        0x4 c:/program files (x86)/atmel/studio/7.0/toolchain/arm/arm-gnu-toolchain/bin/../lib/gcc/arm-none-eabi/6.3.1/../../../../arm-none-eabi/lib/thumb/v7-m\libc.a(lib_a-mallocr.o)
                0x20070c7c                __malloc_max_total_mem
 .bss.__malloc_top_pad
                0x20070c80        0x4 c:/program files (x86)/atmel/studio/7.0/toolchain/arm/arm-gnu-toolchain/bin/../lib/gcc/arm-none-eabi/6.3.1/../../../../arm-none-eabi/lib/thumb/v7-m\libc.a(lib_a-mallocr.o)
                0x20070c80                __malloc_top_pad
 *(COMMON)
 COMMON         0x20070c84        0x4 src/ASF/common/utils/stdio/read.o
                0x20070c84                ptr_get
 COMMON         0x20070c88        0x8 src/ASF/common/utils/stdio/write.o
                0x20070c88                ptr_put
                0x20070c8c                stdio_base
 COMMON         0x20070c90       0x21 c:/program files (x86)/atmel/studio/7.0/toolchain/arm/arm-gnu-toolchain/bin/../lib/gcc/arm-none-eabi/6.3.1/../../../../arm-none-eabi/lib/thumb/v7-m\libc.a(lib_a-lock.o)
                0x20070c90                __lock___atexit_recursive_mutex
                0x20070c94                __lock___arc4random_mutex
                0x20070c98                __lock___env_recursive_mutex
                0x20070c9c                __lock___sinit_recursive_mutex
                0x20070ca0                __lock___malloc_recursive_mutex
                0x20070ca4                __lock___at_quick_exit_mutex
                0x20070ca8                __lock___dd_hash_mutex
                0x20070cac                __lock___tz_mutex
                0x20070cb0                __lock___sfp_recursive_mutex
 *fill*         0x20070cb1        0x3 
 COMMON         0x20070cb4        0x4 c:/program files (x86)/atmel/studio/7.0/toolchain/arm/arm-gnu-toolchain/bin/../lib/gcc/arm-none-eabi/6.3.1/../../../../arm-none-eabi/lib/thumb/v7-m\libc.a(lib_a-reent.o)
                0x20070cb4                errno
                0x20070cb8                . = ALIGN (0x4)
                0x20070cb8                _ebss = .
                0x20070cb8                _ezero = .

.stack          0x20070cb8     0x2000 load address 0x00084cb0
                0x20070cb8                . = ALIGN (0x8)
                0x20070cb8                _sstack = .
                0x20072cb8                . = (. + __stack_size__)
 *fill*         0x20070cb8     0x2000 
                0x20072cb8                . = ALIGN (0x8)
                0x20072cb8                _estack = .
                0x20072cb8                . = ALIGN (0x4)
                0x20072cb8                _end = .
OUTPUT(TestSetup.elf elf32-littlearm)

.ARM.attributes
                0x00000000       0x29
 .ARM.attributes
                0x00000000       0x1d c:/program files (x86)/atmel/studio/7.0/toolchain/arm/arm-gnu-toolchain/bin/../lib/gcc/arm-none-eabi/6.3.1/thumb/v7-m/crti.o
 .ARM.attributes
                0x0000001d       0x2d c:/program files (x86)/atmel/studio/7.0/toolchain/arm/arm-gnu-toolchain/bin/../lib/gcc/arm-none-eabi/6.3.1/thumb/v7-m/crtbegin.o
 .ARM.attributes
                0x0000004a       0x33 src/ASF/common/utils/stdio/read.o
 .ARM.attributes
                0x0000007d       0x33 src/ASF/sam/drivers/usart/usart.o
 .ARM.attributes
                0x000000b0       0x33 src/ASF/thirdparty/wireless/addons/sio2host/uart/sio2host.o
 .ARM.attributes
                0x000000e3       0x33 src/pin_mapper.o
 .ARM.attributes
                0x00000116       0x33 src/ASF/common/utils/stdio/write.o
 .ARM.attributes
                0x00000149       0x33 src/ASF/common/services/serial/usart_serial.o
 .ARM.attributes
                0x0000017c       0x33 src/ASF/sam/drivers/uart/uart.o
 .ARM.attributes
                0x000001af       0x33 src/console_driver.o
 .ARM.attributes
                0x000001e2       0x33 src/ASF/common/services/clock/sam3x/sysclk.o
 .ARM.attributes
                0x00000215       0x33 src/ASF/common/utils/interrupt/interrupt_sam_nvic.o
 .ARM.attributes
                0x00000248       0x33 src/ASF/sam/boards/arduino_due_x/init.o
 .ARM.attributes
                0x0000027b       0x33 src/ASF/sam/drivers/pio/pio.o
 .ARM.attributes
                0x000002ae       0x33 src/ASF/sam/drivers/pio/pio_handler.o
 .ARM.attributes
                0x000002e1       0x33 src/ASF/sam/drivers/pmc/pmc.o
 .ARM.attributes
                0x00000314       0x33 src/ASF/sam/utils/cmsis/sam3x/source/templates/exceptions.o
 .ARM.attributes
                0x00000347       0x33 src/ASF/sam/utils/cmsis/sam3x/source/templates/gcc/startup_sam3x.o
 .ARM.attributes
                0x0000037a       0x33 src/ASF/sam/utils/cmsis/sam3x/source/templates/system_sam3x.o
 .ARM.attributes
                0x000003ad       0x33 src/ASF/sam/utils/syscalls/gcc/syscalls.o
 .ARM.attributes
                0x000003e0       0x33 src/main.o
 .ARM.attributes
                0x00000413       0x2d c:/program files (x86)/atmel/studio/7.0/toolchain/arm/arm-gnu-toolchain/bin/../lib/gcc/arm-none-eabi/6.3.1/../../../../arm-none-eabi/lib/thumb/v7-m\libc.a(lib_a-impure.o)
 .ARM.attributes
                0x00000440       0x2d c:/program files (x86)/atmel/studio/7.0/toolchain/arm/arm-gnu-toolchain/bin/../lib/gcc/arm-none-eabi/6.3.1/../../../../arm-none-eabi/lib/thumb/v7-m\libc.a(lib_a-init.o)
 .ARM.attributes
                0x0000046d       0x2d c:/program files (x86)/atmel/studio/7.0/toolchain/arm/arm-gnu-toolchain/bin/../lib/gcc/arm-none-eabi/6.3.1/../../../../arm-none-eabi/lib/thumb/v7-m\libc.a(lib_a-iprintf.o)
 .ARM.attributes
                0x0000049a       0x2d c:/program files (x86)/atmel/studio/7.0/toolchain/arm/arm-gnu-toolchain/bin/../lib/gcc/arm-none-eabi/6.3.1/../../../../arm-none-eabi/lib/thumb/v7-m\libc.a(lib_a-memset.o)
 .ARM.attributes
                0x000004c7       0x2d c:/program files (x86)/atmel/studio/7.0/toolchain/arm/arm-gnu-toolchain/bin/../lib/gcc/arm-none-eabi/6.3.1/../../../../arm-none-eabi/lib/thumb/v7-m\libc.a(lib_a-setbuf.o)
 .ARM.attributes
                0x000004f4       0x2d c:/program files (x86)/atmel/studio/7.0/toolchain/arm/arm-gnu-toolchain/bin/../lib/gcc/arm-none-eabi/6.3.1/../../../../arm-none-eabi/lib/thumb/v7-m\libc.a(lib_a-setvbuf.o)
 .ARM.attributes
                0x00000521       0x2d c:/program files (x86)/atmel/studio/7.0/toolchain/arm/arm-gnu-toolchain/bin/../lib/gcc/arm-none-eabi/6.3.1/../../../../arm-none-eabi/lib/thumb/v7-m\libc.a(lib_a-vfiprintf.o)
 .ARM.attributes
                0x0000054e       0x2d c:/program files (x86)/atmel/studio/7.0/toolchain/arm/arm-gnu-toolchain/bin/../lib/gcc/arm-none-eabi/6.3.1/../../../../arm-none-eabi/lib/thumb/v7-m\libc.a(lib_a-wsetup.o)
 .ARM.attributes
                0x0000057b       0x2d c:/program files (x86)/atmel/studio/7.0/toolchain/arm/arm-gnu-toolchain/bin/../lib/gcc/arm-none-eabi/6.3.1/../../../../arm-none-eabi/lib/thumb/v7-m\libc.a(lib_a-__call_atexit.o)
 .ARM.attributes
                0x000005a8       0x2d c:/program files (x86)/atmel/studio/7.0/toolchain/arm/arm-gnu-toolchain/bin/../lib/gcc/arm-none-eabi/6.3.1/../../../../arm-none-eabi/lib/thumb/v7-m\libc.a(lib_a-atexit.o)
 .ARM.attributes
                0x000005d5       0x2d c:/program files (x86)/atmel/studio/7.0/toolchain/arm/arm-gnu-toolchain/bin/../lib/gcc/arm-none-eabi/6.3.1/../../../../arm-none-eabi/lib/thumb/v7-m\libc.a(lib_a-fflush.o)
 .ARM.attributes
                0x00000602       0x2d c:/program files (x86)/atmel/studio/7.0/toolchain/arm/arm-gnu-toolchain/bin/../lib/gcc/arm-none-eabi/6.3.1/../../../../arm-none-eabi/lib/thumb/v7-m\libc.a(lib_a-findfp.o)
 .ARM.attributes
                0x0000062f       0x2d c:/program files (x86)/atmel/studio/7.0/toolchain/arm/arm-gnu-toolchain/bin/../lib/gcc/arm-none-eabi/6.3.1/../../../../arm-none-eabi/lib/thumb/v7-m\libc.a(lib_a-fini.o)
 .ARM.attributes
                0x0000065c       0x2d c:/program files (x86)/atmel/studio/7.0/toolchain/arm/arm-gnu-toolchain/bin/../lib/gcc/arm-none-eabi/6.3.1/../../../../arm-none-eabi/lib/thumb/v7-m\libc.a(lib_a-fputwc.o)
 .ARM.attributes
                0x00000689       0x2d c:/program files (x86)/atmel/studio/7.0/toolchain/arm/arm-gnu-toolchain/bin/../lib/gcc/arm-none-eabi/6.3.1/../../../../arm-none-eabi/lib/thumb/v7-m\libc.a(lib_a-freer.o)
 .ARM.attributes
                0x000006b6       0x2d c:/program files (x86)/atmel/studio/7.0/toolchain/arm/arm-gnu-toolchain/bin/../lib/gcc/arm-none-eabi/6.3.1/../../../../arm-none-eabi/lib/thumb/v7-m\libc.a(lib_a-fvwrite.o)
 .ARM.attributes
                0x000006e3       0x2d c:/program files (x86)/atmel/studio/7.0/toolchain/arm/arm-gnu-toolchain/bin/../lib/gcc/arm-none-eabi/6.3.1/../../../../arm-none-eabi/lib/thumb/v7-m\libc.a(lib_a-fwalk.o)
 .ARM.attributes
                0x00000710       0x2d c:/program files (x86)/atmel/studio/7.0/toolchain/arm/arm-gnu-toolchain/bin/../lib/gcc/arm-none-eabi/6.3.1/../../../../arm-none-eabi/lib/thumb/v7-m\libc.a(lib_a-locale.o)
 .ARM.attributes
                0x0000073d       0x2d c:/program files (x86)/atmel/studio/7.0/toolchain/arm/arm-gnu-toolchain/bin/../lib/gcc/arm-none-eabi/6.3.1/../../../../arm-none-eabi/lib/thumb/v7-m\libc.a(lib_a-lock.o)
 .ARM.attributes
                0x0000076a       0x2d c:/program files (x86)/atmel/studio/7.0/toolchain/arm/arm-gnu-toolchain/bin/../lib/gcc/arm-none-eabi/6.3.1/../../../../arm-none-eabi/lib/thumb/v7-m\libc.a(lib_a-makebuf.o)
 .ARM.attributes
                0x00000797       0x2d c:/program files (x86)/atmel/studio/7.0/toolchain/arm/arm-gnu-toolchain/bin/../lib/gcc/arm-none-eabi/6.3.1/../../../../arm-none-eabi/lib/thumb/v7-m\libc.a(lib_a-malloc.o)
 .ARM.attributes
                0x000007c4       0x2d c:/program files (x86)/atmel/studio/7.0/toolchain/arm/arm-gnu-toolchain/bin/../lib/gcc/arm-none-eabi/6.3.1/../../../../arm-none-eabi/lib/thumb/v7-m\libc.a(lib_a-mallocr.o)
 .ARM.attributes
                0x000007f1       0x2d c:/program files (x86)/atmel/studio/7.0/toolchain/arm/arm-gnu-toolchain/bin/../lib/gcc/arm-none-eabi/6.3.1/../../../../arm-none-eabi/lib/thumb/v7-m\libc.a(lib_a-mbtowc_r.o)
 .ARM.attributes
                0x0000081e       0x2d c:/program files (x86)/atmel/studio/7.0/toolchain/arm/arm-gnu-toolchain/bin/../lib/gcc/arm-none-eabi/6.3.1/../../../../arm-none-eabi/lib/thumb/v7-m\libc.a(lib_a-memchr-stub.o)
 .ARM.attributes
                0x0000084b       0x1b c:/program files (x86)/atmel/studio/7.0/toolchain/arm/arm-gnu-toolchain/bin/../lib/gcc/arm-none-eabi/6.3.1/../../../../arm-none-eabi/lib/thumb/v7-m\libc.a(lib_a-memcpy.o)
 .ARM.attributes
                0x00000866       0x2d c:/program files (x86)/atmel/studio/7.0/toolchain/arm/arm-gnu-toolchain/bin/../lib/gcc/arm-none-eabi/6.3.1/../../../../arm-none-eabi/lib/thumb/v7-m\libc.a(lib_a-memmove.o)
 .ARM.attributes
                0x00000893       0x2d c:/program files (x86)/atmel/studio/7.0/toolchain/arm/arm-gnu-toolchain/bin/../lib/gcc/arm-none-eabi/6.3.1/../../../../arm-none-eabi/lib/thumb/v7-m\libc.a(lib_a-mlock.o)
 .ARM.attributes
                0x000008c0       0x2d c:/program files (x86)/atmel/studio/7.0/toolchain/arm/arm-gnu-toolchain/bin/../lib/gcc/arm-none-eabi/6.3.1/../../../../arm-none-eabi/lib/thumb/v7-m\libc.a(lib_a-reallocr.o)
 .ARM.attributes
                0x000008ed       0x2d c:/program files (x86)/atmel/studio/7.0/toolchain/arm/arm-gnu-toolchain/bin/../lib/gcc/arm-none-eabi/6.3.1/../../../../arm-none-eabi/lib/thumb/v7-m\libc.a(lib_a-sbrkr.o)
 .ARM.attributes
                0x0000091a       0x2d c:/program files (x86)/atmel/studio/7.0/toolchain/arm/arm-gnu-toolchain/bin/../lib/gcc/arm-none-eabi/6.3.1/../../../../arm-none-eabi/lib/thumb/v7-m\libc.a(lib_a-stdio.o)
 .ARM.attributes
                0x00000947       0x2d c:/program files (x86)/atmel/studio/7.0/toolchain/arm/arm-gnu-toolchain/bin/../lib/gcc/arm-none-eabi/6.3.1/../../../../arm-none-eabi/lib/thumb/v7-m\libc.a(lib_a-strlen-stub.o)
 .ARM.attributes
                0x00000974       0x2d c:/program files (x86)/atmel/studio/7.0/toolchain/arm/arm-gnu-toolchain/bin/../lib/gcc/arm-none-eabi/6.3.1/../../../../arm-none-eabi/lib/thumb/v7-m\libc.a(lib_a-wbuf.o)
 .ARM.attributes
                0x000009a1       0x2d c:/program files (x86)/atmel/studio/7.0/toolchain/arm/arm-gnu-toolchain/bin/../lib/gcc/arm-none-eabi/6.3.1/../../../../arm-none-eabi/lib/thumb/v7-m\libc.a(lib_a-wcrtomb.o)
 .ARM.attributes
                0x000009ce       0x2d c:/program files (x86)/atmel/studio/7.0/toolchain/arm/arm-gnu-toolchain/bin/../lib/gcc/arm-none-eabi/6.3.1/../../../../arm-none-eabi/lib/thumb/v7-m\libc.a(lib_a-wctomb_r.o)
 .ARM.attributes
                0x000009fb       0x2d c:/program files (x86)/atmel/studio/7.0/toolchain/arm/arm-gnu-toolchain/bin/../lib/gcc/arm-none-eabi/6.3.1/../../../../arm-none-eabi/lib/thumb/v7-m\libc.a(lib_a-writer.o)
 .ARM.attributes
                0x00000a28       0x2d c:/program files (x86)/atmel/studio/7.0/toolchain/arm/arm-gnu-toolchain/bin/../lib/gcc/arm-none-eabi/6.3.1/../../../../arm-none-eabi/lib/thumb/v7-m\libc.a(lib_a-__atexit.o)
 .ARM.attributes
                0x00000a55       0x2d c:/program files (x86)/atmel/studio/7.0/toolchain/arm/arm-gnu-toolchain/bin/../lib/gcc/arm-none-eabi/6.3.1/../../../../arm-none-eabi/lib/thumb/v7-m\libc.a(lib_a-closer.o)
 .ARM.attributes
                0x00000a82       0x2d c:/program files (x86)/atmel/studio/7.0/toolchain/arm/arm-gnu-toolchain/bin/../lib/gcc/arm-none-eabi/6.3.1/../../../../arm-none-eabi/lib/thumb/v7-m\libc.a(lib_a-ctype_.o)
 .ARM.attributes
                0x00000aaf       0x2d c:/program files (x86)/atmel/studio/7.0/toolchain/arm/arm-gnu-toolchain/bin/../lib/gcc/arm-none-eabi/6.3.1/../../../../arm-none-eabi/lib/thumb/v7-m\libc.a(lib_a-fclose.o)
 .ARM.attributes
                0x00000adc       0x2d c:/program files (x86)/atmel/studio/7.0/toolchain/arm/arm-gnu-toolchain/bin/../lib/gcc/arm-none-eabi/6.3.1/../../../../arm-none-eabi/lib/thumb/v7-m\libc.a(lib_a-fstatr.o)
 .ARM.attributes
                0x00000b09       0x2d c:/program files (x86)/atmel/studio/7.0/toolchain/arm/arm-gnu-toolchain/bin/../lib/gcc/arm-none-eabi/6.3.1/../../../../arm-none-eabi/lib/thumb/v7-m\libc.a(lib_a-isattyr.o)
 .ARM.attributes
                0x00000b36       0x2d c:/program files (x86)/atmel/studio/7.0/toolchain/arm/arm-gnu-toolchain/bin/../lib/gcc/arm-none-eabi/6.3.1/../../../../arm-none-eabi/lib/thumb/v7-m\libc.a(lib_a-lseekr.o)
 .ARM.attributes
                0x00000b63       0x2d c:/program files (x86)/atmel/studio/7.0/toolchain/arm/arm-gnu-toolchain/bin/../lib/gcc/arm-none-eabi/6.3.1/../../../../arm-none-eabi/lib/thumb/v7-m\libc.a(lib_a-readr.o)
 .ARM.attributes
                0x00000b90       0x2d c:/program files (x86)/atmel/studio/7.0/toolchain/arm/arm-gnu-toolchain/bin/../lib/gcc/arm-none-eabi/6.3.1/../../../../arm-none-eabi/lib/thumb/v7-m\libc.a(lib_a-reent.o)
 .ARM.attributes
                0x00000bbd       0x1d c:/program files (x86)/atmel/studio/7.0/toolchain/arm/arm-gnu-toolchain/bin/../lib/gcc/arm-none-eabi/6.3.1/thumb/v7-m\libgcc.a(_aeabi_uldivmod.o)
 .ARM.attributes
                0x00000bda       0x2d c:/program files (x86)/atmel/studio/7.0/toolchain/arm/arm-gnu-toolchain/bin/../lib/gcc/arm-none-eabi/6.3.1/thumb/v7-m\libgcc.a(_udivmoddi4.o)
 .ARM.attributes
                0x00000c07       0x1d c:/program files (x86)/atmel/studio/7.0/toolchain/arm/arm-gnu-toolchain/bin/../lib/gcc/arm-none-eabi/6.3.1/thumb/v7-m\libgcc.a(_dvmd_tls.o)
 .ARM.attributes
                0x00000c24       0x1d c:/program files (x86)/atmel/studio/7.0/toolchain/arm/arm-gnu-toolchain/bin/../lib/gcc/arm-none-eabi/6.3.1/thumb/v7-m/crtn.o

.comment        0x00000000       0x59
 .comment       0x00000000       0x59 src/ASF/common/utils/stdio/read.o
                                 0x5a (size before relaxing)
 .comment       0x00000059       0x5a src/ASF/sam/drivers/usart/usart.o
 .comment       0x00000059       0x5a src/ASF/thirdparty/wireless/addons/sio2host/uart/sio2host.o
 .comment       0x00000059       0x5a src/pin_mapper.o
 .comment       0x00000059       0x5a src/ASF/common/utils/stdio/write.o
 .comment       0x00000059       0x5a src/ASF/common/services/serial/usart_serial.o
 .comment       0x00000059       0x5a src/ASF/sam/drivers/uart/uart.o
 .comment       0x00000059       0x5a src/console_driver.o
 .comment       0x00000059       0x5a src/ASF/common/services/clock/sam3x/sysclk.o
 .comment       0x00000059       0x5a src/ASF/common/utils/interrupt/interrupt_sam_nvic.o
 .comment       0x00000059       0x5a src/ASF/sam/boards/arduino_due_x/init.o
 .comment       0x00000059       0x5a src/ASF/sam/drivers/pio/pio.o
 .comment       0x00000059       0x5a src/ASF/sam/drivers/pio/pio_handler.o
 .comment       0x00000059       0x5a src/ASF/sam/drivers/pmc/pmc.o
 .comment       0x00000059       0x5a src/ASF/sam/utils/cmsis/sam3x/source/templates/exceptions.o
 .comment       0x00000059       0x5a src/ASF/sam/utils/cmsis/sam3x/source/templates/gcc/startup_sam3x.o
 .comment       0x00000059       0x5a src/ASF/sam/utils/cmsis/sam3x/source/templates/system_sam3x.o
 .comment       0x00000059       0x5a src/ASF/sam/utils/syscalls/gcc/syscalls.o
 .comment       0x00000059       0x5a src/main.o

.debug_info     0x00000000    0x16bb7
 .debug_info    0x00000000      0xac9 src/ASF/common/utils/stdio/read.o
 .debug_info    0x00000ac9     0x24e3 src/ASF/sam/drivers/usart/usart.o
 .debug_info    0x00002fac     0x19a3 src/ASF/thirdparty/wireless/addons/sio2host/uart/sio2host.o
 .debug_info    0x0000494f      0xb4e src/pin_mapper.o
 .debug_info    0x0000549d      0xac6 src/ASF/common/utils/stdio/write.o
 .debug_info    0x00005f63     0x113c src/ASF/common/services/serial/usart_serial.o
 .debug_info    0x0000709f     0x119c src/ASF/sam/drivers/uart/uart.o
 .debug_info    0x0000823b     0x136b src/console_driver.o
 .debug_info    0x000095a6     0x11ad src/ASF/common/services/clock/sam3x/sysclk.o
 .debug_info    0x0000a753      0xb01 src/ASF/common/utils/interrupt/interrupt_sam_nvic.o
 .debug_info    0x0000b254     0x108a src/ASF/sam/boards/arduino_due_x/init.o
 .debug_info    0x0000c2de     0x1c61 src/ASF/sam/drivers/pio/pio.o
 .debug_info    0x0000df3f     0x17be src/ASF/sam/drivers/pio/pio_handler.o
 .debug_info    0x0000f6fd     0x1a59 src/ASF/sam/drivers/pmc/pmc.o
 .debug_info    0x00011156      0xa39 src/ASF/sam/utils/cmsis/sam3x/source/templates/exceptions.o
 .debug_info    0x00011b8f      0xd1b src/ASF/sam/utils/cmsis/sam3x/source/templates/gcc/startup_sam3x.o
 .debug_info    0x000128aa      0xdc2 src/ASF/sam/utils/cmsis/sam3x/source/templates/system_sam3x.o
 .debug_info    0x0001366c      0xdb0 src/ASF/sam/utils/syscalls/gcc/syscalls.o
 .debug_info    0x0001441c     0x279b src/main.o

.debug_abbrev   0x00000000     0x335a
 .debug_abbrev  0x00000000      0x1fe src/ASF/common/utils/stdio/read.o
 .debug_abbrev  0x000001fe      0x406 src/ASF/sam/drivers/usart/usart.o
 .debug_abbrev  0x00000604      0x3ea src/ASF/thirdparty/wireless/addons/sio2host/uart/sio2host.o
 .debug_abbrev  0x000009ee      0x205 src/pin_mapper.o
 .debug_abbrev  0x00000bf3      0x1e9 src/ASF/common/utils/stdio/write.o
 .debug_abbrev  0x00000ddc      0x2b1 src/ASF/common/services/serial/usart_serial.o
 .debug_abbrev  0x0000108d      0x288 src/ASF/sam/drivers/uart/uart.o
 .debug_abbrev  0x00001315      0x346 src/console_driver.o
 .debug_abbrev  0x0000165b      0x330 src/ASF/common/services/clock/sam3x/sysclk.o
 .debug_abbrev  0x0000198b      0x212 src/ASF/common/utils/interrupt/interrupt_sam_nvic.o
 .debug_abbrev  0x00001b9d      0x262 src/ASF/sam/boards/arduino_due_x/init.o
 .debug_abbrev  0x00001dff      0x3c7 src/ASF/sam/drivers/pio/pio.o
 .debug_abbrev  0x000021c6      0x329 src/ASF/sam/drivers/pio/pio_handler.o
 .debug_abbrev  0x000024ef      0x335 src/ASF/sam/drivers/pmc/pmc.o
 .debug_abbrev  0x00002824      0x1a4 src/ASF/sam/utils/cmsis/sam3x/source/templates/exceptions.o
 .debug_abbrev  0x000029c8      0x1f2 src/ASF/sam/utils/cmsis/sam3x/source/templates/gcc/startup_sam3x.o
 .debug_abbrev  0x00002bba      0x1f4 src/ASF/sam/utils/cmsis/sam3x/source/templates/system_sam3x.o
 .debug_abbrev  0x00002dae      0x264 src/ASF/sam/utils/syscalls/gcc/syscalls.o
 .debug_abbrev  0x00003012      0x348 src/main.o

.debug_loc      0x00000000     0x4839
 .debug_loc     0x00000000       0xb3 src/ASF/common/utils/stdio/read.o
 .debug_loc     0x000000b3     0x1062 src/ASF/sam/drivers/usart/usart.o
 .debug_loc     0x00001115      0x5b0 src/ASF/thirdparty/wireless/addons/sio2host/uart/sio2host.o
 .debug_loc     0x000016c5       0xaf src/pin_mapper.o
 .debug_loc     0x00001774      0x12b src/ASF/common/utils/stdio/write.o
 .debug_loc     0x0000189f      0x2a7 src/ASF/common/services/serial/usart_serial.o
 .debug_loc     0x00001b46      0x241 src/ASF/sam/drivers/uart/uart.o
 .debug_loc     0x00001d87      0x34a src/console_driver.o
 .debug_loc     0x000020d1      0x183 src/ASF/common/services/clock/sam3x/sysclk.o
 .debug_loc     0x00002254       0x70 src/ASF/sam/boards/arduino_due_x/init.o
 .debug_loc     0x000022c4      0xacc src/ASF/sam/drivers/pio/pio.o
 .debug_loc     0x00002d90      0x569 src/ASF/sam/drivers/pio/pio_handler.o
 .debug_loc     0x000032f9      0xa54 src/ASF/sam/drivers/pmc/pmc.o
 .debug_loc     0x00003d4d       0x6b src/ASF/sam/utils/cmsis/sam3x/source/templates/gcc/startup_sam3x.o
 .debug_loc     0x00003db8       0xfd src/ASF/sam/utils/syscalls/gcc/syscalls.o
 .debug_loc     0x00003eb5      0x984 src/main.o

.debug_aranges  0x00000000      0x9d0
 .debug_aranges
                0x00000000       0x20 src/ASF/common/utils/stdio/read.o
 .debug_aranges
                0x00000020      0x2a8 src/ASF/sam/drivers/usart/usart.o
 .debug_aranges
                0x000002c8       0x60 src/ASF/thirdparty/wireless/addons/sio2host/uart/sio2host.o
 .debug_aranges
                0x00000328       0x28 src/pin_mapper.o
 .debug_aranges
                0x00000350       0x20 src/ASF/common/utils/stdio/write.o
 .debug_aranges
                0x00000370       0x28 src/ASF/common/services/serial/usart_serial.o
 .debug_aranges
                0x00000398       0xe8 src/ASF/sam/drivers/uart/uart.o
 .debug_aranges
                0x00000480       0x30 src/console_driver.o
 .debug_aranges
                0x000004b0       0x40 src/ASF/common/services/clock/sam3x/sysclk.o
 .debug_aranges
                0x000004f0       0x28 src/ASF/common/utils/interrupt/interrupt_sam_nvic.o
 .debug_aranges
                0x00000518       0x20 src/ASF/sam/boards/arduino_due_x/init.o
 .debug_aranges
                0x00000538      0x148 src/ASF/sam/drivers/pio/pio.o
 .debug_aranges
                0x00000680       0x58 src/ASF/sam/drivers/pio/pio_handler.o
 .debug_aranges
                0x000006d8      0x200 src/ASF/sam/drivers/pmc/pmc.o
 .debug_aranges
                0x000008d8       0x20 src/ASF/sam/utils/cmsis/sam3x/source/templates/exceptions.o
 .debug_aranges
                0x000008f8       0x20 src/ASF/sam/utils/cmsis/sam3x/source/templates/gcc/startup_sam3x.o
 .debug_aranges
                0x00000918       0x30 src/ASF/sam/utils/cmsis/sam3x/source/templates/system_sam3x.o
 .debug_aranges
                0x00000948       0x60 src/ASF/sam/utils/syscalls/gcc/syscalls.o
 .debug_aranges
                0x000009a8       0x28 src/main.o

.debug_ranges   0x00000000      0x900
 .debug_ranges  0x00000000       0x10 src/ASF/common/utils/stdio/read.o
 .debug_ranges  0x00000010      0x298 src/ASF/sam/drivers/usart/usart.o
 .debug_ranges  0x000002a8       0x50 src/ASF/thirdparty/wireless/addons/sio2host/uart/sio2host.o
 .debug_ranges  0x000002f8       0x18 src/pin_mapper.o
 .debug_ranges  0x00000310       0x10 src/ASF/common/utils/stdio/write.o
 .debug_ranges  0x00000320       0x48 src/ASF/common/services/serial/usart_serial.o
 .debug_ranges  0x00000368       0xd8 src/ASF/sam/drivers/uart/uart.o
 .debug_ranges  0x00000440       0x20 src/console_driver.o
 .debug_ranges  0x00000460       0x30 src/ASF/common/services/clock/sam3x/sysclk.o
 .debug_ranges  0x00000490       0x18 src/ASF/common/utils/interrupt/interrupt_sam_nvic.o
 .debug_ranges  0x000004a8       0x10 src/ASF/sam/boards/arduino_due_x/init.o
 .debug_ranges  0x000004b8      0x150 src/ASF/sam/drivers/pio/pio.o
 .debug_ranges  0x00000608       0x60 src/ASF/sam/drivers/pio/pio_handler.o
 .debug_ranges  0x00000668      0x1f0 src/ASF/sam/drivers/pmc/pmc.o
 .debug_ranges  0x00000858       0x10 src/ASF/sam/utils/cmsis/sam3x/source/templates/exceptions.o
 .debug_ranges  0x00000868       0x10 src/ASF/sam/utils/cmsis/sam3x/source/templates/gcc/startup_sam3x.o
 .debug_ranges  0x00000878       0x20 src/ASF/sam/utils/cmsis/sam3x/source/templates/system_sam3x.o
 .debug_ranges  0x00000898       0x50 src/ASF/sam/utils/syscalls/gcc/syscalls.o
 .debug_ranges  0x000008e8       0x18 src/main.o

.debug_macro    0x00000000    0x19643
 .debug_macro   0x00000000      0x550 src/ASF/common/utils/stdio/read.o
 .debug_macro   0x00000550      0x8ce src/ASF/common/utils/stdio/read.o
 .debug_macro   0x00000e1e      0x16d src/ASF/common/utils/stdio/read.o
 .debug_macro   0x00000f8b      0x6d7 src/ASF/common/utils/stdio/read.o
 .debug_macro   0x00001662       0x76 src/ASF/common/utils/stdio/read.o
 .debug_macro   0x000016d8       0x16 src/ASF/common/utils/stdio/read.o
 .debug_macro   0x000016ee      0x6da src/ASF/common/utils/stdio/read.o
 .debug_macro   0x00001dc8       0x22 src/ASF/common/utils/stdio/read.o
 .debug_macro   0x00001dea       0x87 src/ASF/common/utils/stdio/read.o
 .debug_macro   0x00001e71       0x51 src/ASF/common/utils/stdio/read.o
 .debug_macro   0x00001ec2       0xef src/ASF/common/utils/stdio/read.o
 .debug_macro   0x00001fb1       0x6a src/ASF/common/utils/stdio/read.o
 .debug_macro   0x0000201b      0x1df src/ASF/common/utils/stdio/read.o
 .debug_macro   0x000021fa       0x20 src/ASF/common/utils/stdio/read.o
 .debug_macro   0x0000221a       0x3a src/ASF/common/utils/stdio/read.o
 .debug_macro   0x00002254       0x2d src/ASF/common/utils/stdio/read.o
 .debug_macro   0x00002281      0xbb1 src/ASF/common/utils/stdio/read.o
 .debug_macro   0x00002e32      0xaac src/ASF/common/utils/stdio/read.o
 .debug_macro   0x000038de      0x55f src/ASF/common/utils/stdio/read.o
 .debug_macro   0x00003e3d      0x2ab src/ASF/common/utils/stdio/read.o
 .debug_macro   0x000040e8      0x310 src/ASF/common/utils/stdio/read.o
 .debug_macro   0x000043f8      0x746 src/ASF/common/utils/stdio/read.o
 .debug_macro   0x00004b3e       0x82 src/ASF/common/utils/stdio/read.o
 .debug_macro   0x00004bc0      0x571 src/ASF/common/utils/stdio/read.o
 .debug_macro   0x00005131       0x1c src/ASF/common/utils/stdio/read.o
 .debug_macro   0x0000514d      0x6ae src/ASF/common/utils/stdio/read.o
 .debug_macro   0x000057fb      0x523 src/ASF/common/utils/stdio/read.o
 .debug_macro   0x00005d1e       0xbe src/ASF/common/utils/stdio/read.o
 .debug_macro   0x00005ddc     0x2338 src/ASF/common/utils/stdio/read.o
 .debug_macro   0x00008114      0x853 src/ASF/common/utils/stdio/read.o
 .debug_macro   0x00008967      0xdbf src/ASF/common/utils/stdio/read.o
 .debug_macro   0x00009726       0x7c src/ASF/common/utils/stdio/read.o
 .debug_macro   0x000097a2      0x25a src/ASF/common/utils/stdio/read.o
 .debug_macro   0x000099fc       0x58 src/ASF/common/utils/stdio/read.o
 .debug_macro   0x00009a54      0x99e src/ASF/common/utils/stdio/read.o
 .debug_macro   0x0000a3f2      0x240 src/ASF/common/utils/stdio/read.o
 .debug_macro   0x0000a632      0x4d5 src/ASF/common/utils/stdio/read.o
 .debug_macro   0x0000ab07      0x6a9 src/ASF/common/utils/stdio/read.o
 .debug_macro   0x0000b1b0      0x595 src/ASF/common/utils/stdio/read.o
 .debug_macro   0x0000b745       0x46 src/ASF/common/utils/stdio/read.o
 .debug_macro   0x0000b78b      0x344 src/ASF/common/utils/stdio/read.o
 .debug_macro   0x0000bacf      0x283 src/ASF/common/utils/stdio/read.o
 .debug_macro   0x0000bd52     0x14d7 src/ASF/common/utils/stdio/read.o
 .debug_macro   0x0000d229      0x7b0 src/ASF/common/utils/stdio/read.o
 .debug_macro   0x0000d9d9       0x76 src/ASF/common/utils/stdio/read.o
 .debug_macro   0x0000da4f       0x82 src/ASF/common/utils/stdio/read.o
 .debug_macro   0x0000dad1       0x76 src/ASF/common/utils/stdio/read.o
 .debug_macro   0x0000db47       0x4c src/ASF/common/utils/stdio/read.o
 .debug_macro   0x0000db93      0x100 src/ASF/common/utils/stdio/read.o
 .debug_macro   0x0000dc93      0x100 src/ASF/common/utils/stdio/read.o
 .debug_macro   0x0000dd93      0x100 src/ASF/common/utils/stdio/read.o
 .debug_macro   0x0000de93       0x88 src/ASF/common/utils/stdio/read.o
 .debug_macro   0x0000df1b       0x88 src/ASF/common/utils/stdio/read.o
 .debug_macro   0x0000dfa3      0x3b4 src/ASF/common/utils/stdio/read.o
 .debug_macro   0x0000e357       0xb8 src/ASF/common/utils/stdio/read.o
 .debug_macro   0x0000e40f       0xb8 src/ASF/common/utils/stdio/read.o
 .debug_macro   0x0000e4c7       0xb8 src/ASF/common/utils/stdio/read.o
 .debug_macro   0x0000e57f       0xb8 src/ASF/common/utils/stdio/read.o
 .debug_macro   0x0000e637      0x2b8 src/ASF/common/utils/stdio/read.o
 .debug_macro   0x0000e8ef      0x11b src/ASF/common/utils/stdio/read.o
 .debug_macro   0x0000ea0a      0x21b src/ASF/common/utils/stdio/read.o
 .debug_macro   0x0000ec25      0x21b src/ASF/common/utils/stdio/read.o
 .debug_macro   0x0000ee40       0x2e src/ASF/common/utils/stdio/read.o
 .debug_macro   0x0000ee6e       0xac src/ASF/common/utils/stdio/read.o
 .debug_macro   0x0000ef1a      0x143 src/ASF/common/utils/stdio/read.o
 .debug_macro   0x0000f05d       0x7c src/ASF/common/utils/stdio/read.o
 .debug_macro   0x0000f0d9      0x1fb src/ASF/common/utils/stdio/read.o
 .debug_macro   0x0000f2d4       0x64 src/ASF/common/utils/stdio/read.o
 .debug_macro   0x0000f338       0xa6 src/ASF/common/utils/stdio/read.o
 .debug_macro   0x0000f3de       0x7c src/ASF/common/utils/stdio/read.o
 .debug_macro   0x0000f45a       0x16 src/ASF/common/utils/stdio/read.o
 .debug_macro   0x0000f470       0x22 src/ASF/common/utils/stdio/read.o
 .debug_macro   0x0000f492       0x22 src/ASF/common/utils/stdio/read.o
 .debug_macro   0x0000f4b4      0x10c src/ASF/common/utils/stdio/read.o
 .debug_macro   0x0000f5c0      0x10c src/ASF/common/utils/stdio/read.o
 .debug_macro   0x0000f6cc      0x10c src/ASF/common/utils/stdio/read.o
 .debug_macro   0x0000f7d8      0x10c src/ASF/common/utils/stdio/read.o
 .debug_macro   0x0000f8e4       0x1c src/ASF/common/utils/stdio/read.o
 .debug_macro   0x0000f900       0x2e src/ASF/common/utils/stdio/read.o
 .debug_macro   0x0000f92e       0x22 src/ASF/common/utils/stdio/read.o
 .debug_macro   0x0000f950       0x1c src/ASF/common/utils/stdio/read.o
 .debug_macro   0x0000f96c       0x58 src/ASF/common/utils/stdio/read.o
 .debug_macro   0x0000f9c4       0x10 src/ASF/common/utils/stdio/read.o
 .debug_macro   0x0000f9d4      0x273 src/ASF/common/utils/stdio/read.o
 .debug_macro   0x0000fc47      0xd39 src/ASF/common/utils/stdio/read.o
 .debug_macro   0x00010980      0x131 src/ASF/common/utils/stdio/read.o
 .debug_macro   0x00010ab1       0x58 src/ASF/common/utils/stdio/read.o
 .debug_macro   0x00010b09       0x35 src/ASF/common/utils/stdio/read.o
 .debug_macro   0x00010b3e       0x9c src/ASF/common/utils/stdio/read.o
 .debug_macro   0x00010bda       0x16 src/ASF/common/utils/stdio/read.o
 .debug_macro   0x00010bf0       0x35 src/ASF/common/utils/stdio/read.o
 .debug_macro   0x00010c25      0x353 src/ASF/common/utils/stdio/read.o
 .debug_macro   0x00010f78       0x10 src/ASF/common/utils/stdio/read.o
 .debug_macro   0x00010f88       0x58 src/ASF/common/utils/stdio/read.o
 .debug_macro   0x00010fe0       0x1f src/ASF/common/utils/stdio/read.o
 .debug_macro   0x00010fff       0x43 src/ASF/common/utils/stdio/read.o
 .debug_macro   0x00011042       0x20 src/ASF/common/utils/stdio/read.o
 .debug_macro   0x00011062      0x187 src/ASF/common/utils/stdio/read.o
 .debug_macro   0x000111e9       0x10 src/ASF/common/utils/stdio/read.o
 .debug_macro   0x000111f9       0x1c src/ASF/common/utils/stdio/read.o
 .debug_macro   0x00011215       0x52 src/ASF/common/utils/stdio/read.o
 .debug_macro   0x00011267       0x40 src/ASF/common/utils/stdio/read.o
 .debug_macro   0x000112a7       0x10 src/ASF/common/utils/stdio/read.o
 .debug_macro   0x000112b7       0x40 src/ASF/common/utils/stdio/read.o
 .debug_macro   0x000112f7       0xd7 src/ASF/common/utils/stdio/read.o
 .debug_macro   0x000113ce       0x16 src/ASF/common/utils/stdio/read.o
 .debug_macro   0x000113e4      0x18b src/ASF/common/utils/stdio/read.o
 .debug_macro   0x0001156f       0x22 src/ASF/common/utils/stdio/read.o
 .debug_macro   0x00011591       0x16 src/ASF/common/utils/stdio/read.o
 .debug_macro   0x000115a7       0x16 src/ASF/common/utils/stdio/read.o
 .debug_macro   0x000115bd       0x29 src/ASF/common/utils/stdio/read.o
 .debug_macro   0x000115e6       0x73 src/ASF/common/utils/stdio/read.o
 .debug_macro   0x00011659       0x44 src/ASF/common/utils/stdio/read.o
 .debug_macro   0x0001169d      0x3ca src/ASF/common/utils/stdio/read.o
 .debug_macro   0x00011a67      0x59b src/ASF/sam/drivers/usart/usart.o
 .debug_macro   0x00012002       0x28 src/ASF/sam/drivers/usart/usart.o
 .debug_macro   0x0001202a      0x68b src/ASF/thirdparty/wireless/addons/sio2host/uart/sio2host.o
 .debug_macro   0x000126b5       0x94 src/ASF/thirdparty/wireless/addons/sio2host/uart/sio2host.o
 .debug_macro   0x00012749       0x40 src/ASF/thirdparty/wireless/addons/sio2host/uart/sio2host.o
 .debug_macro   0x00012789      0x2c3 src/ASF/thirdparty/wireless/addons/sio2host/uart/sio2host.o
 .debug_macro   0x00012a4c      0x78f src/ASF/thirdparty/wireless/addons/sio2host/uart/sio2host.o
 .debug_macro   0x000131db       0x34 src/ASF/thirdparty/wireless/addons/sio2host/uart/sio2host.o
 .debug_macro   0x0001320f       0x5e src/ASF/thirdparty/wireless/addons/sio2host/uart/sio2host.o
 .debug_macro   0x0001326d       0x64 src/ASF/thirdparty/wireless/addons/sio2host/uart/sio2host.o
 .debug_macro   0x000132d1       0x5f src/ASF/thirdparty/wireless/addons/sio2host/uart/sio2host.o
 .debug_macro   0x00013330       0x90 src/ASF/thirdparty/wireless/addons/sio2host/uart/sio2host.o
 .debug_macro   0x000133c0       0x6a src/ASF/thirdparty/wireless/addons/sio2host/uart/sio2host.o
 .debug_macro   0x0001342a       0x34 src/ASF/thirdparty/wireless/addons/sio2host/uart/sio2host.o
 .debug_macro   0x0001345e       0x1c src/ASF/thirdparty/wireless/addons/sio2host/uart/sio2host.o
 .debug_macro   0x0001347a       0x2e src/ASF/thirdparty/wireless/addons/sio2host/uart/sio2host.o
 .debug_macro   0x000134a8       0x1c src/ASF/thirdparty/wireless/addons/sio2host/uart/sio2host.o
 .debug_macro   0x000134c4       0x40 src/ASF/thirdparty/wireless/addons/sio2host/uart/sio2host.o
 .debug_macro   0x00013504      0x681 src/pin_mapper.o
 .debug_macro   0x00013b85      0x550 src/ASF/common/utils/stdio/write.o
 .debug_macro   0x000140d5      0x60a src/ASF/common/services/serial/usart_serial.o
 .debug_macro   0x000146df      0x55f src/ASF/sam/drivers/uart/uart.o
 .debug_macro   0x00014c3e       0x16 src/ASF/sam/drivers/uart/uart.o
 .debug_macro   0x00014c54      0x67e src/console_driver.o
 .debug_macro   0x000152d2       0x52 src/console_driver.o
 .debug_macro   0x00015324       0x8d src/console_driver.o
 .debug_macro   0x000153b1       0x57 src/console_driver.o
 .debug_macro   0x00015408       0x97 src/console_driver.o
 .debug_macro   0x0001549f       0xf6 src/console_driver.o
 .debug_macro   0x00015595       0x70 src/console_driver.o
 .debug_macro   0x00015605       0x16 src/console_driver.o
 .debug_macro   0x0001561b      0x5d1 src/ASF/common/services/clock/sam3x/sysclk.o
 .debug_macro   0x00015bec      0x2bd src/ASF/common/services/clock/sam3x/sysclk.o
 .debug_macro   0x00015ea9      0x55a src/ASF/common/utils/interrupt/interrupt_sam_nvic.o
 .debug_macro   0x00016403       0x3e src/ASF/common/utils/interrupt/interrupt_sam_nvic.o
 .debug_macro   0x00016441      0x616 src/ASF/sam/boards/arduino_due_x/init.o
 .debug_macro   0x00016a57      0x56b src/ASF/sam/drivers/pio/pio.o
 .debug_macro   0x00016fc2       0x8e src/ASF/sam/drivers/pio/pio.o
 .debug_macro   0x00017050      0x56f src/ASF/sam/drivers/pio/pio_handler.o
 .debug_macro   0x000175bf      0x565 src/ASF/sam/drivers/pmc/pmc.o
 .debug_macro   0x00017b24       0x58 src/ASF/sam/drivers/pmc/pmc.o
 .debug_macro   0x00017b7c      0x564 src/ASF/sam/utils/cmsis/sam3x/source/templates/exceptions.o
 .debug_macro   0x000180e0      0x572 src/ASF/sam/utils/cmsis/sam3x/source/templates/gcc/startup_sam3x.o
 .debug_macro   0x00018652      0x572 src/ASF/sam/utils/cmsis/sam3x/source/templates/system_sam3x.o
 .debug_macro   0x00018bc4       0x26 src/ASF/sam/utils/cmsis/sam3x/source/templates/system_sam3x.o
 .debug_macro   0x00018bea      0x1d6 src/ASF/sam/utils/syscalls/gcc/syscalls.o
 .debug_macro   0x00018dc0       0x4c src/ASF/sam/utils/syscalls/gcc/syscalls.o
 .debug_macro   0x00018e0c       0x16 src/ASF/sam/utils/syscalls/gcc/syscalls.o
 .debug_macro   0x00018e22       0x10 src/ASF/sam/utils/syscalls/gcc/syscalls.o
 .debug_macro   0x00018e32       0x10 src/ASF/sam/utils/syscalls/gcc/syscalls.o
 .debug_macro   0x00018e42       0x35 src/ASF/sam/utils/syscalls/gcc/syscalls.o
 .debug_macro   0x00018e77      0x122 src/ASF/sam/utils/syscalls/gcc/syscalls.o
 .debug_macro   0x00018f99      0x6aa src/main.o

.debug_line     0x00000000     0xf9a6
 .debug_line    0x00000000      0xb48 src/ASF/common/utils/stdio/read.o
 .debug_line    0x00000b48     0x1222 src/ASF/sam/drivers/usart/usart.o
 .debug_line    0x00001d6a     0x104b src/ASF/thirdparty/wireless/addons/sio2host/uart/sio2host.o
 .debug_line    0x00002db5      0xe97 src/pin_mapper.o
 .debug_line    0x00003c4c      0xb40 src/ASF/common/utils/stdio/write.o
 .debug_line    0x0000478c      0xd98 src/ASF/common/services/serial/usart_serial.o
 .debug_line    0x00005524      0xcfb src/ASF/sam/drivers/uart/uart.o
 .debug_line    0x0000621f      0xf46 src/console_driver.o
 .debug_line    0x00007165      0xcba src/ASF/common/services/clock/sam3x/sysclk.o
 .debug_line    0x00007e1f      0xb61 src/ASF/common/utils/interrupt/interrupt_sam_nvic.o
 .debug_line    0x00008980      0xd4d src/ASF/sam/boards/arduino_due_x/init.o
 .debug_line    0x000096cd      0xec9 src/ASF/sam/drivers/pio/pio.o
 .debug_line    0x0000a596      0xc0d src/ASF/sam/drivers/pio/pio_handler.o
 .debug_line    0x0000b1a3     0x10b2 src/ASF/sam/drivers/pmc/pmc.o
 .debug_line    0x0000c255      0xb23 src/ASF/sam/utils/cmsis/sam3x/source/templates/exceptions.o
 .debug_line    0x0000cd78      0xb6c src/ASF/sam/utils/cmsis/sam3x/source/templates/gcc/startup_sam3x.o
 .debug_line    0x0000d8e4      0xb9e src/ASF/sam/utils/cmsis/sam3x/source/templates/system_sam3x.o
 .debug_line    0x0000e482      0x40b src/ASF/sam/utils/syscalls/gcc/syscalls.o
 .debug_line    0x0000e88d     0x1119 src/main.o

.debug_str      0x00000000    0x64ada
 .debug_str     0x00000000    0x5ce0e src/ASF/common/utils/stdio/read.o
                              0x5d193 (size before relaxing)
 .debug_str     0x0005ce0e      0xc86 src/ASF/sam/drivers/usart/usart.o
                              0x5de10 (size before relaxing)
 .debug_str     0x0005da94     0x4faf src/ASF/thirdparty/wireless/addons/sio2host/uart/sio2host.o
                              0x6241f (size before relaxing)
 .debug_str     0x00062a43       0x60 src/pin_mapper.o
                              0x618ce (size before relaxing)
 .debug_str     0x00062aa3       0x26 src/ASF/common/utils/stdio/write.o
                              0x5d194 (size before relaxing)
 .debug_str     0x00062ac9       0x31 src/ASF/common/services/serial/usart_serial.o
                              0x61376 (size before relaxing)
 .debug_str     0x00062afa      0x1ee src/ASF/sam/drivers/uart/uart.o
                              0x5d55f (size before relaxing)
 .debug_str     0x00062ce8       0x75 src/console_driver.o
                              0x61d55 (size before relaxing)
 .debug_str     0x00062d5d      0x382 src/ASF/common/services/clock/sam3x/sysclk.o
                              0x6125d (size before relaxing)
 .debug_str     0x000630df       0x73 src/ASF/common/utils/interrupt/interrupt_sam_nvic.o
                              0x5d1ea (size before relaxing)
 .debug_str     0x00063152      0x24f src/ASF/sam/boards/arduino_due_x/init.o
                              0x6193f (size before relaxing)
 .debug_str     0x000633a1      0x408 src/ASF/sam/drivers/pio/pio.o
                              0x5db3e (size before relaxing)
 .debug_str     0x000637a9      0x1bf src/ASF/sam/drivers/pio/pio_handler.o
                              0x5dc37 (size before relaxing)
 .debug_str     0x00063968      0x57e src/ASF/sam/drivers/pmc/pmc.o
                              0x5dbba (size before relaxing)
 .debug_str     0x00063ee6       0x4d src/ASF/sam/utils/cmsis/sam3x/source/templates/exceptions.o
                              0x5d1b3 (size before relaxing)
 .debug_str     0x00063f33       0xd9 src/ASF/sam/utils/cmsis/sam3x/source/templates/gcc/startup_sam3x.o
                              0x5d2af (size before relaxing)
 .debug_str     0x0006400c      0x195 src/ASF/sam/utils/cmsis/sam3x/source/templates/system_sam3x.o
                              0x5d48b (size before relaxing)
 .debug_str     0x000641a1      0x774 src/ASF/sam/utils/syscalls/gcc/syscalls.o
                               0x7410 (size before relaxing)
 .debug_str     0x00064915      0x1c5 src/main.o
                              0x61d4d (size before relaxing)

.debug_frame    0x00000000     0x2204
 .debug_frame   0x00000000       0x30 src/ASF/common/utils/stdio/read.o
 .debug_frame   0x00000030      0x5cc src/ASF/sam/drivers/usart/usart.o
 .debug_frame   0x000005fc      0x134 src/ASF/thirdparty/wireless/addons/sio2host/uart/sio2host.o
 .debug_frame   0x00000730       0x3c src/pin_mapper.o
 .debug_frame   0x0000076c       0x48 src/ASF/common/utils/stdio/write.o
 .debug_frame   0x000007b4       0x80 src/ASF/common/services/serial/usart_serial.o
 .debug_frame   0x00000834      0x1bc src/ASF/sam/drivers/uart/uart.o
 .debug_frame   0x000009f0       0x74 src/console_driver.o
 .debug_frame   0x00000a64       0x88 src/ASF/common/services/clock/sam3x/sysclk.o
 .debug_frame   0x00000aec       0x30 src/ASF/common/utils/interrupt/interrupt_sam_nvic.o
 .debug_frame   0x00000b1c       0x28 src/ASF/sam/boards/arduino_due_x/init.o
 .debug_frame   0x00000b44      0x2b8 src/ASF/sam/drivers/pio/pio.o
 .debug_frame   0x00000dfc       0xf8 src/ASF/sam/drivers/pio/pio_handler.o
 .debug_frame   0x00000ef4      0x404 src/ASF/sam/drivers/pmc/pmc.o
 .debug_frame   0x000012f8       0x20 src/ASF/sam/utils/cmsis/sam3x/source/templates/exceptions.o
 .debug_frame   0x00001318       0x28 src/ASF/sam/utils/cmsis/sam3x/source/templates/gcc/startup_sam3x.o
 .debug_frame   0x00001340       0x40 src/ASF/sam/utils/cmsis/sam3x/source/templates/system_sam3x.o
 .debug_frame   0x00001380       0xa0 src/ASF/sam/utils/syscalls/gcc/syscalls.o
 .debug_frame   0x00001420       0x4c src/main.o
 .debug_frame   0x0000146c       0x2c c:/program files (x86)/atmel/studio/7.0/toolchain/arm/arm-gnu-toolchain/bin/../lib/gcc/arm-none-eabi/6.3.1/../../../../arm-none-eabi/lib/thumb/v7-m\libc.a(lib_a-init.o)
 .debug_frame   0x00001498       0x78 c:/program files (x86)/atmel/studio/7.0/toolchain/arm/arm-gnu-toolchain/bin/../lib/gcc/arm-none-eabi/6.3.1/../../../../arm-none-eabi/lib/thumb/v7-m\libc.a(lib_a-iprintf.o)
 .debug_frame   0x00001510       0x34 c:/program files (x86)/atmel/studio/7.0/toolchain/arm/arm-gnu-toolchain/bin/../lib/gcc/arm-none-eabi/6.3.1/../../../../arm-none-eabi/lib/thumb/v7-m\libc.a(lib_a-memset.o)
 .debug_frame   0x00001544       0x20 c:/program files (x86)/atmel/studio/7.0/toolchain/arm/arm-gnu-toolchain/bin/../lib/gcc/arm-none-eabi/6.3.1/../../../../arm-none-eabi/lib/thumb/v7-m\libc.a(lib_a-setbuf.o)
 .debug_frame   0x00001564       0x48 c:/program files (x86)/atmel/studio/7.0/toolchain/arm/arm-gnu-toolchain/bin/../lib/gcc/arm-none-eabi/6.3.1/../../../../arm-none-eabi/lib/thumb/v7-m\libc.a(lib_a-setvbuf.o)
 .debug_frame   0x000015ac       0xd8 c:/program files (x86)/atmel/studio/7.0/toolchain/arm/arm-gnu-toolchain/bin/../lib/gcc/arm-none-eabi/6.3.1/../../../../arm-none-eabi/lib/thumb/v7-m\libc.a(lib_a-vfiprintf.o)
 .debug_frame   0x00001684       0x2c c:/program files (x86)/atmel/studio/7.0/toolchain/arm/arm-gnu-toolchain/bin/../lib/gcc/arm-none-eabi/6.3.1/../../../../arm-none-eabi/lib/thumb/v7-m\libc.a(lib_a-wsetup.o)
 .debug_frame   0x000016b0       0x5c c:/program files (x86)/atmel/studio/7.0/toolchain/arm/arm-gnu-toolchain/bin/../lib/gcc/arm-none-eabi/6.3.1/../../../../arm-none-eabi/lib/thumb/v7-m\libc.a(lib_a-__call_atexit.o)
 .debug_frame   0x0000170c       0x20 c:/program files (x86)/atmel/studio/7.0/toolchain/arm/arm-gnu-toolchain/bin/../lib/gcc/arm-none-eabi/6.3.1/../../../../arm-none-eabi/lib/thumb/v7-m\libc.a(lib_a-atexit.o)
 .debug_frame   0x0000172c       0x5c c:/program files (x86)/atmel/studio/7.0/toolchain/arm/arm-gnu-toolchain/bin/../lib/gcc/arm-none-eabi/6.3.1/../../../../arm-none-eabi/lib/thumb/v7-m\libc.a(lib_a-fflush.o)
 .debug_frame   0x00001788      0x150 c:/program files (x86)/atmel/studio/7.0/toolchain/arm/arm-gnu-toolchain/bin/../lib/gcc/arm-none-eabi/6.3.1/../../../../arm-none-eabi/lib/thumb/v7-m\libc.a(lib_a-findfp.o)
 .debug_frame   0x000018d8       0x34 c:/program files (x86)/atmel/studio/7.0/toolchain/arm/arm-gnu-toolchain/bin/../lib/gcc/arm-none-eabi/6.3.1/../../../../arm-none-eabi/lib/thumb/v7-m\libc.a(lib_a-fini.o)
 .debug_frame   0x0000190c       0x90 c:/program files (x86)/atmel/studio/7.0/toolchain/arm/arm-gnu-toolchain/bin/../lib/gcc/arm-none-eabi/6.3.1/../../../../arm-none-eabi/lib/thumb/v7-m\libc.a(lib_a-fputwc.o)
 .debug_frame   0x0000199c       0x74 c:/program files (x86)/atmel/studio/7.0/toolchain/arm/arm-gnu-toolchain/bin/../lib/gcc/arm-none-eabi/6.3.1/../../../../arm-none-eabi/lib/thumb/v7-m\libc.a(lib_a-freer.o)
 .debug_frame   0x00001a10       0x68 c:/program files (x86)/atmel/studio/7.0/toolchain/arm/arm-gnu-toolchain/bin/../lib/gcc/arm-none-eabi/6.3.1/../../../../arm-none-eabi/lib/thumb/v7-m\libc.a(lib_a-fvwrite.o)
 .debug_frame   0x00001a78       0x54 c:/program files (x86)/atmel/studio/7.0/toolchain/arm/arm-gnu-toolchain/bin/../lib/gcc/arm-none-eabi/6.3.1/../../../../arm-none-eabi/lib/thumb/v7-m\libc.a(lib_a-fwalk.o)
 .debug_frame   0x00001acc       0x6c c:/program files (x86)/atmel/studio/7.0/toolchain/arm/arm-gnu-toolchain/bin/../lib/gcc/arm-none-eabi/6.3.1/../../../../arm-none-eabi/lib/thumb/v7-m\libc.a(lib_a-locale.o)
 .debug_frame   0x00001b38       0xb0 c:/program files (x86)/atmel/studio/7.0/toolchain/arm/arm-gnu-toolchain/bin/../lib/gcc/arm-none-eabi/6.3.1/../../../../arm-none-eabi/lib/thumb/v7-m\libc.a(lib_a-lock.o)
 .debug_frame   0x00001be8       0x68 c:/program files (x86)/atmel/studio/7.0/toolchain/arm/arm-gnu-toolchain/bin/../lib/gcc/arm-none-eabi/6.3.1/../../../../arm-none-eabi/lib/thumb/v7-m\libc.a(lib_a-makebuf.o)
 .debug_frame   0x00001c50       0x30 c:/program files (x86)/atmel/studio/7.0/toolchain/arm/arm-gnu-toolchain/bin/../lib/gcc/arm-none-eabi/6.3.1/../../../../arm-none-eabi/lib/thumb/v7-m\libc.a(lib_a-malloc.o)
 .debug_frame   0x00001c80       0x54 c:/program files (x86)/atmel/studio/7.0/toolchain/arm/arm-gnu-toolchain/bin/../lib/gcc/arm-none-eabi/6.3.1/../../../../arm-none-eabi/lib/thumb/v7-m\libc.a(lib_a-mallocr.o)
 .debug_frame   0x00001cd4       0x4c c:/program files (x86)/atmel/studio/7.0/toolchain/arm/arm-gnu-toolchain/bin/../lib/gcc/arm-none-eabi/6.3.1/../../../../arm-none-eabi/lib/thumb/v7-m\libc.a(lib_a-mbtowc_r.o)
 .debug_frame   0x00001d20       0x34 c:/program files (x86)/atmel/studio/7.0/toolchain/arm/arm-gnu-toolchain/bin/../lib/gcc/arm-none-eabi/6.3.1/../../../../arm-none-eabi/lib/thumb/v7-m\libc.a(lib_a-memchr-stub.o)
 .debug_frame   0x00001d54       0x30 c:/program files (x86)/atmel/studio/7.0/toolchain/arm/arm-gnu-toolchain/bin/../lib/gcc/arm-none-eabi/6.3.1/../../../../arm-none-eabi/lib/thumb/v7-m\libc.a(lib_a-memmove.o)
 .debug_frame   0x00001d84       0x30 c:/program files (x86)/atmel/studio/7.0/toolchain/arm/arm-gnu-toolchain/bin/../lib/gcc/arm-none-eabi/6.3.1/../../../../arm-none-eabi/lib/thumb/v7-m\libc.a(lib_a-mlock.o)
 .debug_frame   0x00001db4       0x68 c:/program files (x86)/atmel/studio/7.0/toolchain/arm/arm-gnu-toolchain/bin/../lib/gcc/arm-none-eabi/6.3.1/../../../../arm-none-eabi/lib/thumb/v7-m\libc.a(lib_a-reallocr.o)
 .debug_frame   0x00001e1c       0x2c c:/program files (x86)/atmel/studio/7.0/toolchain/arm/arm-gnu-toolchain/bin/../lib/gcc/arm-none-eabi/6.3.1/../../../../arm-none-eabi/lib/thumb/v7-m\libc.a(lib_a-sbrkr.o)
 .debug_frame   0x00001e48       0x88 c:/program files (x86)/atmel/studio/7.0/toolchain/arm/arm-gnu-toolchain/bin/../lib/gcc/arm-none-eabi/6.3.1/../../../../arm-none-eabi/lib/thumb/v7-m\libc.a(lib_a-stdio.o)
 .debug_frame   0x00001ed0       0x20 c:/program files (x86)/atmel/studio/7.0/toolchain/arm/arm-gnu-toolchain/bin/../lib/gcc/arm-none-eabi/6.3.1/../../../../arm-none-eabi/lib/thumb/v7-m\libc.a(lib_a-strlen-stub.o)
 .debug_frame   0x00001ef0       0x40 c:/program files (x86)/atmel/studio/7.0/toolchain/arm/arm-gnu-toolchain/bin/../lib/gcc/arm-none-eabi/6.3.1/../../../../arm-none-eabi/lib/thumb/v7-m\libc.a(lib_a-wbuf.o)
 .debug_frame   0x00001f30       0x5c c:/program files (x86)/atmel/studio/7.0/toolchain/arm/arm-gnu-toolchain/bin/../lib/gcc/arm-none-eabi/6.3.1/../../../../arm-none-eabi/lib/thumb/v7-m\libc.a(lib_a-wcrtomb.o)
 .debug_frame   0x00001f8c       0x3c c:/program files (x86)/atmel/studio/7.0/toolchain/arm/arm-gnu-toolchain/bin/../lib/gcc/arm-none-eabi/6.3.1/../../../../arm-none-eabi/lib/thumb/v7-m\libc.a(lib_a-wctomb_r.o)
 .debug_frame   0x00001fc8       0x30 c:/program files (x86)/atmel/studio/7.0/toolchain/arm/arm-gnu-toolchain/bin/../lib/gcc/arm-none-eabi/6.3.1/../../../../arm-none-eabi/lib/thumb/v7-m\libc.a(lib_a-writer.o)
 .debug_frame   0x00001ff8       0x34 c:/program files (x86)/atmel/studio/7.0/toolchain/arm/arm-gnu-toolchain/bin/../lib/gcc/arm-none-eabi/6.3.1/../../../../arm-none-eabi/lib/thumb/v7-m\libc.a(lib_a-__atexit.o)
 .debug_frame   0x0000202c       0x2c c:/program files (x86)/atmel/studio/7.0/toolchain/arm/arm-gnu-toolchain/bin/../lib/gcc/arm-none-eabi/6.3.1/../../../../arm-none-eabi/lib/thumb/v7-m\libc.a(lib_a-closer.o)
 .debug_frame   0x00002058       0x3c c:/program files (x86)/atmel/studio/7.0/toolchain/arm/arm-gnu-toolchain/bin/../lib/gcc/arm-none-eabi/6.3.1/../../../../arm-none-eabi/lib/thumb/v7-m\libc.a(lib_a-fclose.o)
 .debug_frame   0x00002094       0x2c c:/program files (x86)/atmel/studio/7.0/toolchain/arm/arm-gnu-toolchain/bin/../lib/gcc/arm-none-eabi/6.3.1/../../../../arm-none-eabi/lib/thumb/v7-m\libc.a(lib_a-fstatr.o)
 .debug_frame   0x000020c0       0x2c c:/program files (x86)/atmel/studio/7.0/toolchain/arm/arm-gnu-toolchain/bin/../lib/gcc/arm-none-eabi/6.3.1/../../../../arm-none-eabi/lib/thumb/v7-m\libc.a(lib_a-isattyr.o)
 .debug_frame   0x000020ec       0x30 c:/program files (x86)/atmel/studio/7.0/toolchain/arm/arm-gnu-toolchain/bin/../lib/gcc/arm-none-eabi/6.3.1/../../../../arm-none-eabi/lib/thumb/v7-m\libc.a(lib_a-lseekr.o)
 .debug_frame   0x0000211c       0x30 c:/program files (x86)/atmel/studio/7.0/toolchain/arm/arm-gnu-toolchain/bin/../lib/gcc/arm-none-eabi/6.3.1/../../../../arm-none-eabi/lib/thumb/v7-m\libc.a(lib_a-readr.o)
 .debug_frame   0x0000214c       0x58 c:/program files (x86)/atmel/studio/7.0/toolchain/arm/arm-gnu-toolchain/bin/../lib/gcc/arm-none-eabi/6.3.1/../../../../arm-none-eabi/lib/thumb/v7-m\libc.a(lib_a-reent.o)
 .debug_frame   0x000021a4       0x2c c:/program files (x86)/atmel/studio/7.0/toolchain/arm/arm-gnu-toolchain/bin/../lib/gcc/arm-none-eabi/6.3.1/thumb/v7-m\libgcc.a(_aeabi_uldivmod.o)
 .debug_frame   0x000021d0       0x34 c:/program files (x86)/atmel/studio/7.0/toolchain/arm/arm-gnu-toolchain/bin/../lib/gcc/arm-none-eabi/6.3.1/thumb/v7-m\libgcc.a(_udivmoddi4.o)

Cross Reference Table

Symbol                                            File
ADC_Handler                                       src/ASF/sam/utils/cmsis/sam3x/source/templates/exceptions.o
                                                  src/ASF/sam/utils/cmsis/sam3x/source/templates/gcc/startup_sam3x.o
BusFault_Handler                                  src/ASF/sam/utils/cmsis/sam3x/source/templates/exceptions.o
                                                  src/ASF/sam/utils/cmsis/sam3x/source/templates/gcc/startup_sam3x.o
CAN0_Handler                                      src/ASF/sam/utils/cmsis/sam3x/source/templates/exceptions.o
                                                  src/ASF/sam/utils/cmsis/sam3x/source/templates/gcc/startup_sam3x.o
CAN1_Handler                                      src/ASF/sam/utils/cmsis/sam3x/source/templates/exceptions.o
                                                  src/ASF/sam/utils/cmsis/sam3x/source/templates/gcc/startup_sam3x.o
DACC_Handler                                      src/ASF/sam/utils/cmsis/sam3x/source/templates/exceptions.o
                                                  src/ASF/sam/utils/cmsis/sam3x/source/templates/gcc/startup_sam3x.o
DMAC_Handler                                      src/ASF/sam/utils/cmsis/sam3x/source/templates/exceptions.o
                                                  src/ASF/sam/utils/cmsis/sam3x/source/templates/gcc/startup_sam3x.o
DebugMon_Handler                                  src/ASF/sam/utils/cmsis/sam3x/source/templates/exceptions.o
                                                  src/ASF/sam/utils/cmsis/sam3x/source/templates/gcc/startup_sam3x.o
Dummy_Handler                                     src/ASF/sam/utils/cmsis/sam3x/source/templates/exceptions.o
EFC0_Handler                                      src/ASF/sam/utils/cmsis/sam3x/source/templates/exceptions.o
                                                  src/ASF/sam/utils/cmsis/sam3x/source/templates/gcc/startup_sam3x.o
EFC1_Handler                                      src/ASF/sam/utils/cmsis/sam3x/source/templates/exceptions.o
                                                  src/ASF/sam/utils/cmsis/sam3x/source/templates/gcc/startup_sam3x.o
EMAC_Handler                                      src/ASF/sam/utils/cmsis/sam3x/source/templates/exceptions.o
                                                  src/ASF/sam/utils/cmsis/sam3x/source/templates/gcc/startup_sam3x.o
HSMCI_Handler                                     src/ASF/sam/utils/cmsis/sam3x/source/templates/exceptions.o
                                                  src/ASF/sam/utils/cmsis/sam3x/source/templates/gcc/startup_sam3x.o
HardFault_Handler                                 src/ASF/sam/utils/cmsis/sam3x/source/templates/exceptions.o